../Core/Src/main.c:216:5:main	8	static
../Core/Src/main.c:250:6:Append_Char	16	static
../Core/Src/main.c:263:6:Backspace_Char	8	static
../Core/Src/main.c:276:6:Confirm_Message	8	static
../Core/Src/main.c:289:6:Move_Selection	24	static
../Core/Src/main.c:308:6:Confirm_Coding_Selection	16	static
../Core/Src/main.c:331:6:Prob_Digit	24	static
../Core/Src/main.c:344:6:Prob_Backspace	8	static
../Core/Src/main.c:356:6:Confirm_Prob_Entry	32	static
../Core/Src/main.c:399:6:handleMatrixKeyPress	24	static
../Core/Src/main.c:423:6:checkNavKeys	16	static
../Core/Src/main.c:466:6:scanMatrixKeypad	16	static
../Core/Src/main.c:521:13:Redraw_Coding_Description	32	static
../Core/Src/main.c:538:13:Redraw_Message_Line	40	static
../Core/Src/main.c:553:13:Redraw_Coding_Options	32	static
../Core/Src/main.c:571:13:Redraw_Prob_Screen	48	static
../Core/Src/main.c:600:6:Build_Huffman_Tree	56	static
../Core/Src/main.c:648:8:SF_Make_Node	32	static
../Core/Src/main.c:657:6:Build_Shannon_Fano	40	static
../Core/Src/main.c:698:6:Extract_Codes	24	static
../Core/Src/main.c:722:6:Layout_Tree	32	static
../Core/Src/main.c:739:13:Draw_Tree_Edge	64	static
../Core/Src/main.c:769:6:Draw_Tree_On_D2	80	static
../Core/Src/main.c:831:6:Draw_Result_Table	64	static
../Core/Src/main.c:855:13:Draw_Static_Screen	48	static
../Core/Src/main.c:938:6:Process_UI_Screen_Updates	16	static
../Core/Src/main.c:977:6:drawChar	48	static
../Core/Src/main.c:1012:6:printString	48	static
../Core/Src/main.c:1027:6:drawRectangle	64	static,ignoring_inline_asm
../Core/Src/main.c:1048:20:WR_STROBE	16	static,ignoring_inline_asm
../Core/Src/main.c:1053:6:write8	16	static
../Core/Src/main.c:1054:6:writeCommand	16	static
../Core/Src/main.c:1055:6:writeData	16	static
../Core/Src/main.c:1056:6:lcdReset	16	static
../Core/Src/main.c:1057:6:lcdInit	16	static
../Core/Src/main.c:1058:6:setAddr	24	static
../Core/Src/main.c:1059:6:fillScreen	24	static
../Core/Src/main.c:1062:6:SystemClock_Config	120	static
../Core/Src/main.c:1081:13:MX_GPIO_Init	48	static
../Core/Src/main.c:1158:6:MPU_Config	24	static
../Core/Src/main.c:1173:6:Error_Handler	4	static,ignoring_inline_asm
