Archive member included to satisfy reference by file (symbol)

C:/ST/STM32CubeIDE_2.1.1/STM32CubeIDE/plugins/com.st.stm32cube.ide.mcu.externaltools.gnu-tools-for-stm32.14.3.rel1.win32_1.0.100.202602081740/tools/bin/../lib/gcc/arm-none-eabi/14.3.1/../../../../arm-none-eabi/lib/thumb/v7e-m+dp/hard\libc_nano.a(libc_a-exit.o)
                              C:/ST/STM32CubeIDE_2.1.1/STM32CubeIDE/plugins/com.st.stm32cube.ide.mcu.externaltools.gnu-tools-for-stm32.14.3.rel1.win32_1.0.100.202602081740/tools/bin/../lib/gcc/arm-none-eabi/14.3.1/../../../../arm-none-eabi/lib/thumb/v7e-m+dp/hard/crt0.o (exit)
C:/ST/STM32CubeIDE_2.1.1/STM32CubeIDE/plugins/com.st.stm32cube.ide.mcu.externaltools.gnu-tools-for-stm32.14.3.rel1.win32_1.0.100.202602081740/tools/bin/../lib/gcc/arm-none-eabi/14.3.1/../../../../arm-none-eabi/lib/thumb/v7e-m+dp/hard\libc_nano.a(libc_a-findfp.o)
                              C:/ST/STM32CubeIDE_2.1.1/STM32CubeIDE/plugins/com.st.stm32cube.ide.mcu.externaltools.gnu-tools-for-stm32.14.3.rel1.win32_1.0.100.202602081740/tools/bin/../lib/gcc/arm-none-eabi/14.3.1/../../../../arm-none-eabi/lib/thumb/v7e-m+dp/hard\libc_nano.a(libc_a-exit.o) (__stdio_exit_handler)
C:/ST/STM32CubeIDE_2.1.1/STM32CubeIDE/plugins/com.st.stm32cube.ide.mcu.externaltools.gnu-tools-for-stm32.14.3.rel1.win32_1.0.100.202602081740/tools/bin/../lib/gcc/arm-none-eabi/14.3.1/../../../../arm-none-eabi/lib/thumb/v7e-m+dp/hard\libc_nano.a(libc_a-fwalk.o)
                              C:/ST/STM32CubeIDE_2.1.1/STM32CubeIDE/plugins/com.st.stm32cube.ide.mcu.externaltools.gnu-tools-for-stm32.14.3.rel1.win32_1.0.100.202602081740/tools/bin/../lib/gcc/arm-none-eabi/14.3.1/../../../../arm-none-eabi/lib/thumb/v7e-m+dp/hard\libc_nano.a(libc_a-findfp.o) (_fwalk_sglue)
C:/ST/STM32CubeIDE_2.1.1/STM32CubeIDE/plugins/com.st.stm32cube.ide.mcu.externaltools.gnu-tools-for-stm32.14.3.rel1.win32_1.0.100.202602081740/tools/bin/../lib/gcc/arm-none-eabi/14.3.1/../../../../arm-none-eabi/lib/thumb/v7e-m+dp/hard\libc_nano.a(libc_a-snprintf.o)
                              ./Core/Src/main.o (snprintf)
C:/ST/STM32CubeIDE_2.1.1/STM32CubeIDE/plugins/com.st.stm32cube.ide.mcu.externaltools.gnu-tools-for-stm32.14.3.rel1.win32_1.0.100.202602081740/tools/bin/../lib/gcc/arm-none-eabi/14.3.1/../../../../arm-none-eabi/lib/thumb/v7e-m+dp/hard\libc_nano.a(libc_a-stdio.o)
                              C:/ST/STM32CubeIDE_2.1.1/STM32CubeIDE/plugins/com.st.stm32cube.ide.mcu.externaltools.gnu-tools-for-stm32.14.3.rel1.win32_1.0.100.202602081740/tools/bin/../lib/gcc/arm-none-eabi/14.3.1/../../../../arm-none-eabi/lib/thumb/v7e-m+dp/hard\libc_nano.a(libc_a-findfp.o) (__sread)
C:/ST/STM32CubeIDE_2.1.1/STM32CubeIDE/plugins/com.st.stm32cube.ide.mcu.externaltools.gnu-tools-for-stm32.14.3.rel1.win32_1.0.100.202602081740/tools/bin/../lib/gcc/arm-none-eabi/14.3.1/../../../../arm-none-eabi/lib/thumb/v7e-m+dp/hard\libc_nano.a(libc_a-memset.o)
                              C:/ST/STM32CubeIDE_2.1.1/STM32CubeIDE/plugins/com.st.stm32cube.ide.mcu.externaltools.gnu-tools-for-stm32.14.3.rel1.win32_1.0.100.202602081740/tools/bin/../lib/gcc/arm-none-eabi/14.3.1/../../../../arm-none-eabi/lib/thumb/v7e-m+dp/hard/crt0.o (memset)
C:/ST/STM32CubeIDE_2.1.1/STM32CubeIDE/plugins/com.st.stm32cube.ide.mcu.externaltools.gnu-tools-for-stm32.14.3.rel1.win32_1.0.100.202602081740/tools/bin/../lib/gcc/arm-none-eabi/14.3.1/../../../../arm-none-eabi/lib/thumb/v7e-m+dp/hard\libc_nano.a(libc_a-closer.o)
                              C:/ST/STM32CubeIDE_2.1.1/STM32CubeIDE/plugins/com.st.stm32cube.ide.mcu.externaltools.gnu-tools-for-stm32.14.3.rel1.win32_1.0.100.202602081740/tools/bin/../lib/gcc/arm-none-eabi/14.3.1/../../../../arm-none-eabi/lib/thumb/v7e-m+dp/hard\libc_nano.a(libc_a-stdio.o) (_close_r)
C:/ST/STM32CubeIDE_2.1.1/STM32CubeIDE/plugins/com.st.stm32cube.ide.mcu.externaltools.gnu-tools-for-stm32.14.3.rel1.win32_1.0.100.202602081740/tools/bin/../lib/gcc/arm-none-eabi/14.3.1/../../../../arm-none-eabi/lib/thumb/v7e-m+dp/hard\libc_nano.a(libc_a-reent.o)
                              C:/ST/STM32CubeIDE_2.1.1/STM32CubeIDE/plugins/com.st.stm32cube.ide.mcu.externaltools.gnu-tools-for-stm32.14.3.rel1.win32_1.0.100.202602081740/tools/bin/../lib/gcc/arm-none-eabi/14.3.1/../../../../arm-none-eabi/lib/thumb/v7e-m+dp/hard\libc_nano.a(libc_a-closer.o) (errno)
C:/ST/STM32CubeIDE_2.1.1/STM32CubeIDE/plugins/com.st.stm32cube.ide.mcu.externaltools.gnu-tools-for-stm32.14.3.rel1.win32_1.0.100.202602081740/tools/bin/../lib/gcc/arm-none-eabi/14.3.1/../../../../arm-none-eabi/lib/thumb/v7e-m+dp/hard\libc_nano.a(libc_a-impure.o)
                              C:/ST/STM32CubeIDE_2.1.1/STM32CubeIDE/plugins/com.st.stm32cube.ide.mcu.externaltools.gnu-tools-for-stm32.14.3.rel1.win32_1.0.100.202602081740/tools/bin/../lib/gcc/arm-none-eabi/14.3.1/../../../../arm-none-eabi/lib/thumb/v7e-m+dp/hard\libc_nano.a(libc_a-snprintf.o) (_impure_ptr)
[...]
Memory Configuration

Name             Origin             Length             Attributes
FLASH            0x08000000         0x00200000         xr
DTCMRAM          0x20000000         0x00020000         xrw
RAM_D1           0x24000000         0x00080000         xrw
RAM_D2           0x30000000         0x00048000         xrw
RAM_D3           0x38000000         0x00010000         xrw
ITCMRAM          0x00000000         0x00010000         xrw
*default*        0x00000000         0xffffffff

Linker script and memory map

LOAD C:/ST/STM32CubeIDE_2.1.1/STM32CubeIDE/plugins/com.st.stm32cube.ide.mcu.externaltools.gnu-tools-for-stm32.14.3.rel1.win32_1.0.100.202602081740/tools/bin/../lib/gcc/arm-none-eabi/14.3.1/thumb/v7e-m+dp/hard/crti.o
LOAD C:/ST/STM32CubeIDE_2.1.1/STM32CubeIDE/plugins/com.st.stm32cube.ide.mcu.externaltools.gnu-tools-for-stm32.14.3.rel1.win32_1.0.100.202602081740/tools/bin/../lib/gcc/arm-none-eabi/14.3.1/thumb/v7e-m+dp/hard/crtbegin.o
LOAD C:/ST/STM32CubeIDE_2.1.1/STM32CubeIDE/plugins/com.st.stm32cube.ide.mcu.externaltools.gnu-tools-for-stm32.14.3.rel1.win32_1.0.100.202602081740/tools/bin/../lib/gcc/arm-none-eabi/14.3.1/../../../../arm-none-eabi/lib/thumb/v7e-m+dp/hard/crt0.o
LOAD ./Core/Src/ili9341_parallel.o
LOAD ./Core/Src/main.o
LOAD ./Core/Src/stm32h7xx_hal_msp.o
LOAD ./Core/Src/stm32h7xx_it.o
LOAD ./Core/Src/syscalls.o
LOAD ./Core/Src/sysmem.o
LOAD ./Core/Src/system_stm32h7xx.o
LOAD ./Core/Startup/startup_stm32h743vitx.o
LOAD ./Drivers/STM32H7xx_HAL_Driver/Src/stm32h7xx_hal.o
LOAD ./Drivers/STM32H7xx_HAL_Driver/Src/stm32h7xx_hal_cortex.o
LOAD ./Drivers/STM32H7xx_HAL_Driver/Src/stm32h7xx_hal_dma.o
LOAD ./Drivers/STM32H7xx_HAL_Driver/Src/stm32h7xx_hal_dma_ex.o
LOAD ./Drivers/STM32H7xx_HAL_Driver/Src/stm32h7xx_hal_exti.o
LOAD ./Drivers/STM32H7xx_HAL_Driver/Src/stm32h7xx_hal_flash.o
LOAD ./Drivers/STM32H7xx_HAL_Driver/Src/stm32h7xx_hal_flash_ex.o
LOAD ./Drivers/STM32H7xx_HAL_Driver/Src/stm32h7xx_hal_gpio.o
LOAD ./Drivers/STM32H7xx_HAL_Driver/Src/stm32h7xx_hal_hsem.o
LOAD ./Drivers/STM32H7xx_HAL_Driver/Src/stm32h7xx_hal_i2c.o
LOAD ./Drivers/STM32H7xx_HAL_Driver/Src/stm32h7xx_hal_i2c_ex.o
LOAD ./Drivers/STM32H7xx_HAL_Driver/Src/stm32h7xx_hal_mdma.o
LOAD ./Drivers/STM32H7xx_HAL_Driver/Src/stm32h7xx_hal_pwr.o
LOAD ./Drivers/STM32H7xx_HAL_Driver/Src/stm32h7xx_hal_pwr_ex.o
LOAD ./Drivers/STM32H7xx_HAL_Driver/Src/stm32h7xx_hal_rcc.o
LOAD ./Drivers/STM32H7xx_HAL_Driver/Src/stm32h7xx_hal_rcc_ex.o
LOAD ./Drivers/STM32H7xx_HAL_Driver/Src/stm32h7xx_hal_tim.o
LOAD ./Drivers/STM32H7xx_HAL_Driver/Src/stm32h7xx_hal_tim_ex.o
START GROUP
LOAD C:/ST/STM32CubeIDE_2.1.1/STM32CubeIDE/plugins/com.st.stm32cube.ide.mcu.externaltools.gnu-tools-for-stm32.14.3.rel1.win32_1.0.100.202602081740/tools/bin/../lib/gcc/arm-none-eabi/14.3.1/../../../../arm-none-eabi/lib/thumb/v7e-m+dp/hard\libc_nano.a
LOAD C:/ST/STM32CubeIDE_2.1.1/STM32CubeIDE/plugins/com.st.stm32cube.ide.mcu.externaltools.gnu-tools-for-stm32.14.3.rel1.win32_1.0.100.202602081740/tools/bin/../lib/gcc/arm-none-eabi/14.3.1/../../../../arm-none-eabi/lib/thumb/v7e-m+dp/hard\libm.a
END GROUP
START GROUP
LOAD C:/ST/STM32CubeIDE_2.1.1/STM32CubeIDE/plugins/com.st.stm32cube.ide.mcu.externaltools.gnu-tools-for-stm32.14.3.rel1.win32_1.0.100.202602081740/tools/bin/../lib/gcc/arm-none-eabi/14.3.1/thumb/v7e-m+dp/hard\libgcc.a
LOAD C:/ST/STM32CubeIDE_2.1.1/STM32CubeIDE/plugins/com.st.stm32cube.ide.mcu.externaltools.gnu-tools-for-stm32.14.3.rel1.win32_1.0.100.202602081740/tools/bin/../lib/gcc/arm-none-eabi/14.3.1/../../../../arm-none-eabi/lib/thumb/v7e-m+dp/hard\libc_nano.a
END GROUP
START GROUP
LOAD C:/ST/STM32CubeIDE_2.1.1/STM32CubeIDE/plugins/com.st.stm32cube.ide.mcu.externaltools.gnu-tools-for-stm32.14.3.rel1.win32_1.0.100.202602081740/tools/bin/../lib/gcc/arm-none-eabi/14.3.1/thumb/v7e-m+dp/hard\libgcc.a
LOAD C:/ST/STM32CubeIDE_2.1.1/STM32CubeIDE/plugins/com.st.stm32cube.ide.mcu.externaltools.gnu-tools-for-stm32.14.3.rel1.win32_1.0.100.202602081740/tools/bin/../lib/gcc/arm-none-eabi/14.3.1/../../../../arm-none-eabi/lib/thumb/v7e-m+dp/hard\libc_nano.a
LOAD C:/ST/STM32CubeIDE_2.1.1/STM32CubeIDE/plugins/com.st.stm32cube.ide.mcu.externaltools.gnu-tools-for-stm32.14.3.rel1.win32_1.0.100.202602081740/tools/bin/../lib/gcc/arm-none-eabi/14.3.1/../../../../arm-none-eabi/lib/thumb/v7e-m+dp/hard\libnosys.a
END GROUP
START GROUP
LOAD C:/ST/STM32CubeIDE_2.1.1/STM32CubeIDE/plugins/com.st.stm32cube.ide.mcu.externaltools.gnu-tools-for-stm32.14.3.rel1.win32_1.0.100.202602081740/tools/bin/../lib/gcc/arm-none-eabi/14.3.1/thumb/v7e-m+dp/hard\libgcc.a
LOAD C:/ST/STM32CubeIDE_2.1.1/STM32CubeIDE/plugins/com.st.stm32cube.ide.mcu.externaltools.gnu-tools-for-stm32.14.3.rel1.win32_1.0.100.202602081740/tools/bin/../lib/gcc/arm-none-eabi/14.3.1/../../../../arm-none-eabi/lib/thumb/v7e-m+dp/hard\libc_nano.a
LOAD C:/ST/STM32CubeIDE_2.1.1/STM32CubeIDE/plugins/com.st.stm32cube.ide.mcu.externaltools.gnu-tools-for-stm32.14.3.rel1.win32_1.0.100.202602081740/tools/bin/../lib/gcc/arm-none-eabi/14.3.1/../../../../arm-none-eabi/lib/thumb/v7e-m+dp/hard\libnosys.a
END GROUP
LOAD C:/ST/STM32CubeIDE_2.1.1/STM32CubeIDE/plugins/com.st.stm32cube.ide.mcu.externaltools.gnu-tools-for-stm32.14.3.rel1.win32_1.0.100.202602081740/tools/bin/../lib/gcc/arm-none-eabi/14.3.1/thumb/v7e-m+dp/hard/crtend.o
LOAD C:/ST/STM32CubeIDE_2.1.1/STM32CubeIDE/plugins/com.st.stm32cube.ide.mcu.externaltools.gnu-tools-for-stm32.14.3.rel1.win32_1.0.100.202602081740/tools/bin/../lib/gcc/arm-none-eabi/14.3.1/thumb/v7e-m+dp/hard/crtn.o
                0x24080000                        _estack = (ORIGIN (RAM_D1) + LENGTH (RAM_D1))
                0x00000200                        _Min_Heap_Size = 0x200
                0x00000400                        _Min_Stack_Size = 0x400

.isr_vector     0x08000000      0x298
                0x08000000                        . = ALIGN (0x4)
 *(.isr_vector)
 .isr_vector    0x08000000      0x298 ./Core/Startup/startup_stm32h743vitx.o
                0x08000000                g_pfnVectors
                0x08000298                        . = ALIGN (0x4)

.text           0x080002a0     0x4bb4
                0x080002a0                        . = ALIGN (0x4)
 *(.text)
 .text          0x080002a0       0x40 C:/ST/STM32CubeIDE_2.1.1/STM32CubeIDE/plugins/com.st.stm32cube.ide.mcu.externaltools.gnu-tools-for-stm32.14.3.rel1.win32_1.0.100.202602081740/tools/bin/../lib/gcc/arm-none-eabi/14.3.1/thumb/v7e-m+dp/hard/crtbegin.o
 .text          0x080002e0       0x10 C:/ST/STM32CubeIDE_2.1.1/STM32CubeIDE/plugins/com.st.stm32cube.ide.mcu.externaltools.gnu-tools-for-stm32.14.3.rel1.win32_1.0.100.202602081740/tools/bin/../lib/gcc/arm-none-eabi/14.3.1/../../../../arm-none-eabi/lib/thumb/v7e-m+dp/hard\libc_nano.a(libc_a-strlen.o)
                0x080002e0                strlen
 .text          0x080002f0       0xa0 C:/ST/STM32CubeIDE_2.1.1/STM32CubeIDE/plugins/com.st.stm32cube.ide.mcu.externaltools.gnu-tools-for-stm32.14.3.rel1.win32_1.0.100.202602081740/tools/bin/../lib/gcc/arm-none-eabi/14.3.1/../../../../arm-none-eabi/lib/thumb/v7e-m+dp/hard\libc_nano.a(libc_a-memchr.o)
                0x080002f0                memchr
 *(.text*)
 .text.main     0x08000390       0x78 ./Core/Src/main.o
                0x08000390                main
 .text.Append_Char
                0x08000408       0x50 ./Core/Src/main.o
                0x08000408                Append_Char
 .text.Backspace_Char
                0x08000458       0x40 ./Core/Src/main.o
                0x08000458                Backspace_Char
 .text.Confirm_Message
                0x08000498       0x3c ./Core/Src/main.o
                0x08000498                Confirm_Message
 .text.Move_Selection
                0x080004d4       0x64 ./Core/Src/main.o
                0x080004d4                Move_Selection
 .text.Confirm_Coding_Selection
                0x08000538       0x84 ./Core/Src/main.o
                0x08000538                Confirm_Coding_Selection
 .text.Prob_Digit
                0x080005bc       0x58 ./Core/Src/main.o
                0x080005bc                Prob_Digit
 .text.Prob_Backspace
                0x08000614       0x34 ./Core/Src/main.o
                0x08000614                Prob_Backspace
 .text.Confirm_Prob_Entry
                0x08000648      0x164 ./Core/Src/main.o
                0x08000648                Confirm_Prob_Entry
 .text.handleMatrixKeyPress
                0x080007ac       0x94 ./Core/Src/main.o
                0x080007ac                handleMatrixKeyPress
 .text.checkNavKeys
                0x08000840      0x150 ./Core/Src/main.o
                0x08000840                checkNavKeys
 .text.scanMatrixKeypad
                0x08000990      0x118 ./Core/Src/main.o
                0x08000990                scanMatrixKeypad
 .text.Redraw_Coding_Description
                0x08000aa8       0x94 ./Core/Src/main.o
 .text.Redraw_Message_Line
                0x08000b3c       0x74 ./Core/Src/main.o
 .text.Redraw_Coding_Options
                0x08000bb0       0xb8 ./Core/Src/main.o
 .text.Redraw_Prob_Screen
                0x08000c68       0xe4 ./Core/Src/main.o
 .text.Build_Huffman_Tree
                0x08000d4c      0x3bc ./Core/Src/main.o
                0x08000d4c                Build_Huffman_Tree
 .text.SF_Make_Node
                0x08001108       0xcc ./Core/Src/main.o
                0x08001108                SF_Make_Node
 .text.Build_Shannon_Fano
                0x080011d4      0x268 ./Core/Src/main.o
                0x080011d4                Build_Shannon_Fano
 .text.Extract_Codes
                0x0800143c      0x118 ./Core/Src/main.o
                0x0800143c                Extract_Codes
 .text.Layout_Tree
                0x08001554       0xdc ./Core/Src/main.o
                0x08001554                Layout_Tree
 .text.Draw_Tree_Edge
                0x08001630      0x1c0 ./Core/Src/main.o
 .text.Draw_Tree_On_D2
                0x080017f0      0x348 ./Core/Src/main.o
                0x080017f0                Draw_Tree_On_D2
 .text.Draw_Result_Table
                0x08001b38      0x104 ./Core/Src/main.o
                0x08001b38                Draw_Result_Table
 .text.Draw_Static_Screen
                0x08001c3c      0x480 ./Core/Src/main.o
 .text.Process_UI_Screen_Updates
                0x080020bc       0xf0 ./Core/Src/main.o
                0x080020bc                Process_UI_Screen_Updates
 .text.drawChar
                0x080021ac      0x19c ./Core/Src/main.o
                0x080021ac                drawChar
 .text.printString
                0x08002348       0x8a ./Core/Src/main.o
                0x08002348                printString
 .text.drawRectangle
                0x080023d2      0x100 ./Core/Src/main.o
                0x080023d2                drawRectangle
 .text.WR_STROBE
                0x080024d2       0x2e ./Core/Src/main.o
 .text.write8   0x08002500       0x28 ./Core/Src/main.o
                0x08002500                write8
 .text.writeCommand
                0x08002528       0x4e ./Core/Src/main.o
                0x08002528                writeCommand
 .text.writeData
                0x08002576       0x4e ./Core/Src/main.o
                0x08002576                writeData
 .text.lcdReset
                0x080025c4       0x3c ./Core/Src/main.o
                0x080025c4                lcdReset
 .text.lcdInit  0x08002600       0x70 ./Core/Src/main.o
                0x08002600                lcdInit
 .text.setAddr  0x08002670       0xaa ./Core/Src/main.o
                0x08002670                setAddr
 .text.fillScreen
                0x0800271a       0x2c ./Core/Src/main.o
                0x0800271a                fillScreen
 *fill*         0x08002746        0x2 
 .text.SystemClock_Config
                0x08002748       0xc4 ./Core/Src/main.o
                0x08002748                SystemClock_Config
 .text.MX_GPIO_Init
                0x0800280c      0x218 ./Core/Src/main.o
 .text.MPU_Config
                0x08002a24       0x48 ./Core/Src/main.o
 .text.Error_Handler
                0x08002a6c        0xc ./Core/Src/main.o
                0x08002a6c                Error_Handler
 .text.HAL_MspInit
                0x08002a78       0x34 ./Core/Src/stm32h7xx_hal_msp.o
                0x08002a78                HAL_MspInit
 .text.NMI_Handler
                0x08002aac        0x8 ./Core/Src/stm32h7xx_it.o
                0x08002aac                NMI_Handler
 .text.HardFault_Handler
                0x08002ab4        0x8 ./Core/Src/stm32h7xx_it.o
                0x08002ab4                HardFault_Handler
 .text.MemManage_Handler
                0x08002abc        0x8 ./Core/Src/stm32h7xx_it.o
                0x08002abc                MemManage_Handler
 .text.BusFault_Handler
                0x08002ac4        0x8 ./Core/Src/stm32h7xx_it.o
                0x08002ac4                BusFault_Handler
 .text.UsageFault_Handler
                0x08002acc        0x8 ./Core/Src/stm32h7xx_it.o
                0x08002acc                UsageFault_Handler
 .text.SVC_Handler
                0x08002ad4        0xe ./Core/Src/stm32h7xx_it.o
                0x08002ad4                SVC_Handler
 .text.DebugMon_Handler
                0x08002ae2        0xe ./Core/Src/stm32h7xx_it.o
                0x08002ae2                DebugMon_Handler
 .text.PendSV_Handler
                0x08002af0        0xe ./Core/Src/stm32h7xx_it.o
                0x08002af0                PendSV_Handler
 .text.SysTick_Handler
                0x08002afe        0xc ./Core/Src/stm32h7xx_it.o
                0x08002afe                SysTick_Handler
 *fill*         0x08002b0a        0x2 
 .text._sbrk    0x08002b0c       0x6c ./Core/Src/sysmem.o
                0x08002b0c                _sbrk
 .text.SystemInit
                0x08002b78      0x140 ./Core/Src/system_stm32h7xx.o
                0x08002b78                SystemInit
 .text.ExitRun0Mode
                0x08002cb8       0x18 ./Core/Src/system_stm32h7xx.o
                0x08002cb8                ExitRun0Mode
 .text.Reset_Handler
                0x08002cd0       0x54 ./Core/Startup/startup_stm32h743vitx.o
                0x08002cd0                Reset_Handler
 .text.Default_Handler
                0x08002d24        0x2 ./Core/Startup/startup_stm32h743vitx.o
                0x08002d24                RTC_Alarm_IRQHandler
                0x08002d24                EXTI2_IRQHandler
                0x08002d24                TIM8_CC_IRQHandler
                0x08002d24                HRTIM1_Master_IRQHandler
                0x08002d24                UART8_IRQHandler
                0x08002d24                SPI4_IRQHandler
                0x08002d24                TIM1_CC_IRQHandler
                0x08002d24                BDMA_Channel6_IRQHandler
                0x08002d24                DMA2_Stream5_IRQHandler
                0x08002d24                HRTIM1_FLT_IRQHandler
                0x08002d24                JPEG_IRQHandler
                0x08002d24                DMA1_Stream5_IRQHandler
                0x08002d24                BDMA_Channel1_IRQHandler
                0x08002d24                HRTIM1_TIMD_IRQHandler
                0x08002d24                TAMP_STAMP_IRQHandler
                0x08002d24                EXTI3_IRQHandler
                0x08002d24                LPTIM4_IRQHandler
                0x08002d24                TIM8_TRG_COM_TIM14_IRQHandler
                0x08002d24                LPTIM2_IRQHandler
                0x08002d24                DFSDM1_FLT1_IRQHandler
                0x08002d24                DMAMUX2_OVR_IRQHandler
                0x08002d24                TIM8_UP_TIM13_IRQHandler
                0x08002d24                I2C3_ER_IRQHandler
                0x08002d24                DFSDM1_FLT2_IRQHandler
                0x08002d24                MDMA_IRQHandler
                0x08002d24                LPTIM3_IRQHandler
                0x08002d24                HSEM1_IRQHandler
                0x08002d24                EXTI0_IRQHandler
                0x08002d24                I2C2_EV_IRQHandler
                0x08002d24                DMA1_Stream2_IRQHandler
                0x08002d24                FPU_IRQHandler
                0x08002d24                OTG_HS_WKUP_IRQHandler
                0x08002d24                FDCAN1_IT1_IRQHandler
                0x08002d24                LTDC_ER_IRQHandler
                0x08002d24                DMA2_Stream2_IRQHandler
                0x08002d24                HRTIM1_TIME_IRQHandler
                0x08002d24                SPI1_IRQHandler
                0x08002d24                TIM6_DAC_IRQHandler
                0x08002d24                DCMI_IRQHandler
                0x08002d24                HRTIM1_TIMC_IRQHandler
                0x08002d24                DMA2_Stream3_IRQHandler
                0x08002d24                SAI2_IRQHandler
                0x08002d24                DFSDM1_FLT3_IRQHandler
                0x08002d24                USART6_IRQHandler
                0x08002d24                TIM17_IRQHandler
                0x08002d24                USART3_IRQHandler
                0x08002d24                BDMA_Channel7_IRQHandler
                0x08002d24                LPTIM5_IRQHandler
                0x08002d24                UART5_IRQHandler
                0x08002d24                ADC3_IRQHandler
                0x08002d24                DMA2_Stream0_IRQHandler
                0x08002d24                TIM4_IRQHandler
                0x08002d24                BDMA_Channel2_IRQHandler
                0x08002d24                QUADSPI_IRQHandler
                0x08002d24                I2C1_EV_IRQHandler
                0x08002d24                DMA1_Stream6_IRQHandler
                0x08002d24                DMAMUX1_OVR_IRQHandler
                0x08002d24                DMA1_Stream1_IRQHandler
                0x08002d24                TIM16_IRQHandler
                0x08002d24                UART4_IRQHandler
                0x08002d24                BDMA_Channel5_IRQHandler
                0x08002d24                TIM3_IRQHandler
                0x08002d24                RCC_IRQHandler
                0x08002d24                TIM8_BRK_TIM12_IRQHandler
                0x08002d24                TIM1_TRG_COM_IRQHandler
                0x08002d24                Default_Handler
                0x08002d24                ECC_IRQHandler
                0x08002d24                CEC_IRQHandler
                0x08002d24                EXTI15_10_IRQHandler
                0x08002d24                BDMA_Channel0_IRQHandler
                0x08002d24                ADC_IRQHandler
                0x08002d24                DMA1_Stream7_IRQHandler
                0x08002d24                HRTIM1_TIMA_IRQHandler
                0x08002d24                SPI5_IRQHandler
                0x08002d24                TIM7_IRQHandler
                0x08002d24                SDMMC1_IRQHandler
                0x08002d24                TIM5_IRQHandler
                0x08002d24                DMA2_Stream7_IRQHandler
                0x08002d24                TIM15_IRQHandler
                0x08002d24                PVD_AVD_IRQHandler
                0x08002d24                I2C3_EV_IRQHandler
                0x08002d24                EXTI9_5_IRQHandler
                0x08002d24                RTC_WKUP_IRQHandler
                0x08002d24                LTDC_IRQHandler
                0x08002d24                SAI3_IRQHandler
                0x08002d24                ETH_WKUP_IRQHandler
                0x08002d24                SPDIF_RX_IRQHandler
                0x08002d24                SPI2_IRQHandler
                0x08002d24                OTG_HS_EP1_IN_IRQHandler
                0x08002d24                DMA1_Stream0_IRQHandler
                0x08002d24                CRS_IRQHandler
                0x08002d24                EXTI4_IRQHandler
                0x08002d24                RNG_IRQHandler
                0x08002d24                HRTIM1_TIMB_IRQHandler
                0x08002d24                FDCAN2_IT1_IRQHandler
                0x08002d24                ETH_IRQHandler
                0x08002d24                TIM1_UP_IRQHandler
                0x08002d24                BDMA_Channel4_IRQHandler
                0x08002d24                OTG_HS_EP1_OUT_IRQHandler
                0x08002d24                WWDG_IRQHandler
                0x08002d24                SPI6_IRQHandler
                0x08002d24                MDIOS_IRQHandler
                0x08002d24                I2C4_EV_IRQHandler
                0x08002d24                FDCAN2_IT0_IRQHandler
                0x08002d24                LPUART1_IRQHandler
                0x08002d24                FDCAN1_IT0_IRQHandler
                0x08002d24                TIM2_IRQHandler
                0x08002d24                OTG_FS_WKUP_IRQHandler
                0x08002d24                OTG_HS_IRQHandler
                0x08002d24                DMA2D_IRQHandler
                0x08002d24                TIM1_BRK_IRQHandler
                0x08002d24                EXTI1_IRQHandler
                0x08002d24                SDMMC2_IRQHandler
                0x08002d24                OTG_FS_EP1_OUT_IRQHandler
                0x08002d24                BDMA_Channel3_IRQHandler
                0x08002d24                UART7_IRQHandler
                0x08002d24                MDIOS_WKUP_IRQHandler
                0x08002d24                USART2_IRQHandler
                0x08002d24                DFSDM1_FLT0_IRQHandler
                0x08002d24                SAI4_IRQHandler
                0x08002d24                I2C2_ER_IRQHandler
                0x08002d24                DMA2_Stream1_IRQHandler
                0x08002d24                FLASH_IRQHandler
                0x08002d24                DMA2_Stream4_IRQHandler
                0x08002d24                USART1_IRQHandler
                0x08002d24                OTG_FS_IRQHandler
                0x08002d24                SPI3_IRQHandler
                0x08002d24                WAKEUP_PIN_IRQHandler
                0x08002d24                DMA1_Stream4_IRQHandler
                0x08002d24                OTG_FS_EP1_IN_IRQHandler
                0x08002d24                I2C1_ER_IRQHandler
                0x08002d24                FMC_IRQHandler
                0x08002d24                FDCAN_CAL_IRQHandler
                0x08002d24                SWPMI1_IRQHandler
                0x08002d24                COMP1_IRQHandler
                0x08002d24                LPTIM1_IRQHandler
                0x08002d24                I2C4_ER_IRQHandler
                0x08002d24                DMA2_Stream6_IRQHandler
                0x08002d24                SAI1_IRQHandler
                0x08002d24                DMA1_Stream3_IRQHandler
 *fill*         0x08002d26        0x2 
 .text.HAL_Init
                0x08002d28       0x78 ./Drivers/STM32H7xx_HAL_Driver/Src/stm32h7xx_hal.o
                0x08002d28                HAL_Init
 .text.HAL_InitTick
                0x08002da0       0x6c ./Drivers/STM32H7xx_HAL_Driver/Src/stm32h7xx_hal.o
                0x08002da0                HAL_InitTick
 .text.HAL_IncTick
                0x08002e0c       0x28 ./Drivers/STM32H7xx_HAL_Driver/Src/stm32h7xx_hal.o
                0x08002e0c                HAL_IncTick
 .text.HAL_GetTick
                0x08002e34       0x18 ./Drivers/STM32H7xx_HAL_Driver/Src/stm32h7xx_hal.o
                0x08002e34                HAL_GetTick
 .text.HAL_Delay
                0x08002e4c       0x48 ./Drivers/STM32H7xx_HAL_Driver/Src/stm32h7xx_hal.o
                0x08002e4c                HAL_Delay
 .text.HAL_GetREVID
                0x08002e94       0x18 ./Drivers/STM32H7xx_HAL_Driver/Src/stm32h7xx_hal.o
                0x08002e94                HAL_GetREVID
 .text.__NVIC_SetPriorityGrouping
                0x08002eac       0x48 ./Drivers/STM32H7xx_HAL_Driver/Src/stm32h7xx_hal_cortex.o
 .text.__NVIC_GetPriorityGrouping
                0x08002ef4       0x1c ./Drivers/STM32H7xx_HAL_Driver/Src/stm32h7xx_hal_cortex.o
 .text.__NVIC_SetPriority
                0x08002f10       0x54 ./Drivers/STM32H7xx_HAL_Driver/Src/stm32h7xx_hal_cortex.o
 .text.NVIC_EncodePriority
                0x08002f64       0x66 ./Drivers/STM32H7xx_HAL_Driver/Src/stm32h7xx_hal_cortex.o
 *fill*         0x08002fca        0x2 
 .text.SysTick_Config
                0x08002fcc       0x44 ./Drivers/STM32H7xx_HAL_Driver/Src/stm32h7xx_hal_cortex.o
 .text.HAL_NVIC_SetPriorityGrouping
                0x08003010       0x16 ./Drivers/STM32H7xx_HAL_Driver/Src/stm32h7xx_hal_cortex.o
                0x08003010                HAL_NVIC_SetPriorityGrouping
 .text.HAL_NVIC_SetPriority
                0x08003026       0x34 ./Drivers/STM32H7xx_HAL_Driver/Src/stm32h7xx_hal_cortex.o
                0x08003026                HAL_NVIC_SetPriority
 .text.HAL_SYSTICK_Config
                0x0800305a       0x18 ./Drivers/STM32H7xx_HAL_Driver/Src/stm32h7xx_hal_cortex.o
                0x0800305a                HAL_SYSTICK_Config
 *fill*         0x08003072        0x2 
 .text.HAL_MPU_Disable
                0x08003074       0x30 ./Drivers/STM32H7xx_HAL_Driver/Src/stm32h7xx_hal_cortex.o
                0x08003074                HAL_MPU_Disable
 .text.HAL_MPU_Enable
                0x080030a4       0x40 ./Drivers/STM32H7xx_HAL_Driver/Src/stm32h7xx_hal_cortex.o
                0x080030a4                HAL_MPU_Enable
 .text.HAL_MPU_ConfigRegion
                0x080030e4       0x80 ./Drivers/STM32H7xx_HAL_Driver/Src/stm32h7xx_hal_cortex.o
                0x080030e4                HAL_MPU_ConfigRegion
 .text.HAL_GPIO_Init
                0x08003164      0x374 ./Drivers/STM32H7xx_HAL_Driver/Src/stm32h7xx_hal_gpio.o
                0x08003164                HAL_GPIO_Init
 .text.HAL_GPIO_ReadPin
                0x080034d8       0x30 ./Drivers/STM32H7xx_HAL_Driver/Src/stm32h7xx_hal_gpio.o
                0x080034d8                HAL_GPIO_ReadPin
 .text.HAL_GPIO_WritePin
                0x08003508       0x32 ./Drivers/STM32H7xx_HAL_Driver/Src/stm32h7xx_hal_gpio.o
                0x08003508                HAL_GPIO_WritePin
 *fill*         0x0800353a        0x2 
 .text.HAL_PWREx_ConfigSupply
                0x0800353c       0x74 ./Drivers/STM32H7xx_HAL_Driver/Src/stm32h7xx_hal_pwr_ex.o
                0x0800353c                HAL_PWREx_ConfigSupply
 .text.HAL_RCC_OscConfig
                0x080035b0      0x8b4 ./Drivers/STM32H7xx_HAL_Driver/Src/stm32h7xx_hal_rcc.o
                0x080035b0                HAL_RCC_OscConfig
 .text.HAL_RCC_ClockConfig
                0x08003e64      0x36c ./Drivers/STM32H7xx_HAL_Driver/Src/stm32h7xx_hal_rcc.o
                0x08003e64                HAL_RCC_ClockConfig
 .text.HAL_RCC_GetSysClockFreq
                0x080041d0      0x2f4 ./Drivers/STM32H7xx_HAL_Driver/Src/stm32h7xx_hal_rcc.o
                0x080041d0                HAL_RCC_GetSysClockFreq
 .text.snprintf
                0x080044c4       0x6c C:/ST/STM32CubeIDE_2.1.1/STM32CubeIDE/plugins/com.st.stm32cube.ide.mcu.externaltools.gnu-tools-for-stm32.14.3.rel1.win32_1.0.100.202602081740/tools/bin/../lib/gcc/arm-none-eabi/14.3.1/../../../../arm-none-eabi/lib/thumb/v7e-m+dp/hard\libc_nano.a(libc_a-snprintf.o)
                0x080044c4                sniprintf
                0x080044c4                snprintf
 .text.memset   0x08004530       0x10 C:/ST/STM32CubeIDE_2.1.1/STM32CubeIDE/plugins/com.st.stm32cube.ide.mcu.externaltools.gnu-tools-for-stm32.14.3.rel1.win32_1.0.100.202602081740/tools/bin/../lib/gcc/arm-none-eabi/14.3.1/../../../../arm-none-eabi/lib/thumb/v7e-m+dp/hard\libc_nano.a(libc_a-memset.o)
                0x08004530                memset
 .text.__errno  0x08004540        0xc C:/ST/STM32CubeIDE_2.1.1/STM32CubeIDE/plugins/com.st.stm32cube.ide.mcu.externaltools.gnu-tools-for-stm32.14.3.rel1.win32_1.0.100.202602081740/tools/bin/../lib/gcc/arm-none-eabi/14.3.1/../../../../arm-none-eabi/lib/thumb/v7e-m+dp/hard\libc_nano.a(libc_a-errno.o)
                0x08004540                __errno
 .text.__libc_init_array
                0x0800454c       0x48 C:/ST/STM32CubeIDE_2.1.1/STM32CubeIDE/plugins/com.st.stm32cube.ide.mcu.externaltools.gnu-tools-for-stm32.14.3.rel1.win32_1.0.100.202602081740/tools/bin/../lib/gcc/arm-none-eabi/14.3.1/../../../../arm-none-eabi/lib/thumb/v7e-m+dp/hard\libc_nano.a(libc_a-init.o)
                0x0800454c                __libc_init_array
 .text.__retarget_lock_acquire_recursive
                0x08004594        0x2 C:/ST/STM32CubeIDE_2.1.1/STM32CubeIDE/plugins/com.st.stm32cube.ide.mcu.externaltools.gnu-tools-for-stm32.14.3.rel1.win32_1.0.100.202602081740/tools/bin/../lib/gcc/arm-none-eabi/14.3.1/../../../../arm-none-eabi/lib/thumb/v7e-m+dp/hard\libc_nano.a(libc_a-lock.o)
                0x08004594                __retarget_lock_acquire_recursive
 .text.__retarget_lock_release_recursive
                0x08004596        0x2 C:/ST/STM32CubeIDE_2.1.1/STM32CubeIDE/plugins/com.st.stm32cube.ide.mcu.externaltools.gnu-tools-for-stm32.14.3.rel1.win32_1.0.100.202602081740/tools/bin/../lib/gcc/arm-none-eabi/14.3.1/../../../../arm-none-eabi/lib/thumb/v7e-m+dp/hard\libc_nano.a(libc_a-lock.o)
                0x08004596                __retarget_lock_release_recursive
 .text._free_r  0x08004598       0x94 C:/ST/STM32CubeIDE_2.1.1/STM32CubeIDE/plugins/com.st.stm32cube.ide.mcu.externaltools.gnu-tools-for-stm32.14.3.rel1.win32_1.0.100.202602081740/tools/bin/../lib/gcc/arm-none-eabi/14.3.1/../../../../arm-none-eabi/lib/thumb/v7e-m+dp/hard\libc_nano.a(libc_a-freer.o)
                0x08004598                _free_r
 .text.sbrk_aligned
                0x0800462c       0x44 C:/ST/STM32CubeIDE_2.1.1/STM32CubeIDE/plugins/com.st.stm32cube.ide.mcu.externaltools.gnu-tools-for-stm32.14.3.rel1.win32_1.0.100.202602081740/tools/bin/../lib/gcc/arm-none-eabi/14.3.1/../../../../arm-none-eabi/lib/thumb/v7e-m+dp/hard\libc_nano.a(libc_a-mallocr.o)
 .text._malloc_r
                0x08004670      0x100 C:/ST/STM32CubeIDE_2.1.1/STM32CubeIDE/plugins/com.st.stm32cube.ide.mcu.externaltools.gnu-tools-for-stm32.14.3.rel1.win32_1.0.100.202602081740/tools/bin/../lib/gcc/arm-none-eabi/14.3.1/../../../../arm-none-eabi/lib/thumb/v7e-m+dp/hard\libc_nano.a(libc_a-mallocr.o)
                0x08004670                _malloc_r
 .text.__malloc_lock
                0x08004770        0xc C:/ST/STM32CubeIDE_2.1.1/STM32CubeIDE/plugins/com.st.stm32cube.ide.mcu.externaltools.gnu-tools-for-stm32.14.3.rel1.win32_1.0.100.202602081740/tools/bin/../lib/gcc/arm-none-eabi/14.3.1/../../../../arm-none-eabi/lib/thumb/v7e-m+dp/hard\libc_nano.a(libc_a-mlock.o)
                0x08004770                __malloc_lock
 .text.__malloc_unlock
                0x0800477c        0xc C:/ST/STM32CubeIDE_2.1.1/STM32CubeIDE/plugins/com.st.stm32cube.ide.mcu.externaltools.gnu-tools-for-stm32.14.3.rel1.win32_1.0.100.202602081740/tools/bin/../lib/gcc/arm-none-eabi/14.3.1/../../../../arm-none-eabi/lib/thumb/v7e-m+dp/hard\libc_nano.a(libc_a-mlock.o)
                0x0800477c                __malloc_unlock
 .text.__ssputs_r
                0x08004788       0xc0 C:/ST/STM32CubeIDE_2.1.1/STM32CubeIDE/plugins/com.st.stm32cube.ide.mcu.externaltools.gnu-tools-for-stm32.14.3.rel1.win32_1.0.100.202602081740/tools/bin/../lib/gcc/arm-none-eabi/14.3.1/../../../../arm-none-eabi/lib/thumb/v7e-m+dp/hard\libc_nano.a(libc_a-nano-svfprintf.o)
                0x08004788                __ssputs_r
 .text._svfprintf_r
                0x08004848      0x1f0 C:/ST/STM32CubeIDE_2.1.1/STM32CubeIDE/plugins/com.st.stm32cube.ide.mcu.externaltools.gnu-tools-for-stm32.14.3.rel1.win32_1.0.100.202602081740/tools/bin/../lib/gcc/arm-none-eabi/14.3.1/../../../../arm-none-eabi/lib/thumb/v7e-m+dp/hard\libc_nano.a(libc_a-nano-svfprintf.o)
                0x08004848                _svfiprintf_r
                0x08004848                _svfprintf_r
 .text._printf_common
                0x08004a38       0xda C:/ST/STM32CubeIDE_2.1.1/STM32CubeIDE/plugins/com.st.stm32cube.ide.mcu.externaltools.gnu-tools-for-stm32.14.3.rel1.win32_1.0.100.202602081740/tools/bin/../lib/gcc/arm-none-eabi/14.3.1/../../../../arm-none-eabi/lib/thumb/v7e-m+dp/hard\libc_nano.a(libc_a-nano-vfprintf_i.o)
                0x08004a38                _printf_common
 *fill*         0x08004b12        0x2 
 .text._printf_i
                0x08004b14      0x24c C:/ST/STM32CubeIDE_2.1.1/STM32CubeIDE/plugins/com.st.stm32cube.ide.mcu.externaltools.gnu-tools-for-stm32.14.3.rel1.win32_1.0.100.202602081740/tools/bin/../lib/gcc/arm-none-eabi/14.3.1/../../../../arm-none-eabi/lib/thumb/v7e-m+dp/hard\libc_nano.a(libc_a-nano-vfprintf_i.o)
                0x08004b14                _printf_i
 .text.memmove  0x08004d60       0x32 C:/ST/STM32CubeIDE_2.1.1/STM32CubeIDE/plugins/com.st.stm32cube.ide.mcu.externaltools.gnu-tools-for-stm32.14.3.rel1.win32_1.0.100.202602081740/tools/bin/../lib/gcc/arm-none-eabi/14.3.1/../../../../arm-none-eabi/lib/thumb/v7e-m+dp/hard\libc_nano.a(libc_a-memmove.o)
                0x08004d60                memmove
 *fill*         0x08004d92        0x2 
 .text._sbrk_r  0x08004d94       0x20 C:/ST/STM32CubeIDE_2.1.1/STM32CubeIDE/plugins/com.st.stm32cube.ide.mcu.externaltools.gnu-tools-for-stm32.14.3.rel1.win32_1.0.100.202602081740/tools/bin/../lib/gcc/arm-none-eabi/14.3.1/../../../../arm-none-eabi/lib/thumb/v7e-m+dp/hard\libc_nano.a(libc_a-sbrkr.o)
                0x08004d94                _sbrk_r
 .text.memcpy   0x08004db4       0x1c C:/ST/STM32CubeIDE_2.1.1/STM32CubeIDE/plugins/com.st.stm32cube.ide.mcu.externaltools.gnu-tools-for-stm32.14.3.rel1.win32_1.0.100.202602081740/tools/bin/../lib/gcc/arm-none-eabi/14.3.1/../../../../arm-none-eabi/lib/thumb/v7e-m+dp/hard\libc_nano.a(libc_a-memcpy-stub.o)
                0x08004db4                memcpy
 .text._realloc_r
                0x08004dd0       0x5c C:/ST/STM32CubeIDE_2.1.1/STM32CubeIDE/plugins/com.st.stm32cube.ide.mcu.externaltools.gnu-tools-for-stm32.14.3.rel1.win32_1.0.100.202602081740/tools/bin/../lib/gcc/arm-none-eabi/14.3.1/../../../../arm-none-eabi/lib/thumb/v7e-m+dp/hard\libc_nano.a(libc_a-reallocr.o)
                0x08004dd0                _realloc_r
 .text._malloc_usable_size_r
                0x08004e2c       0x10 C:/ST/STM32CubeIDE_2.1.1/STM32CubeIDE/plugins/com.st.stm32cube.ide.mcu.externaltools.gnu-tools-for-stm32.14.3.rel1.win32_1.0.100.202602081740/tools/bin/../lib/gcc/arm-none-eabi/14.3.1/../../../../arm-none-eabi/lib/thumb/v7e-m+dp/hard\libc_nano.a(libc_a-msizer.o)
                0x08004e2c                _malloc_usable_size_r
 *(.glue_7)
 .glue_7        0x08004e3c        0x0 linker stubs
 *(.glue_7t)
 .glue_7t       0x08004e3c        0x0 linker stubs
 *(.eh_frame)
 .eh_frame      0x08004e3c        0x0 C:/ST/STM32CubeIDE_2.1.1/STM32CubeIDE/plugins/com.st.stm32cube.ide.mcu.externaltools.gnu-tools-for-stm32.14.3.rel1.win32_1.0.100.202602081740/tools/bin/../lib/gcc/arm-none-eabi/14.3.1/thumb/v7e-m+dp/hard/crtbegin.o
 *(.init)
 .init          0x08004e3c        0x4 C:/ST/STM32CubeIDE_2.1.1/STM32CubeIDE/plugins/com.st.stm32cube.ide.mcu.externaltools.gnu-tools-for-stm32.14.3.rel1.win32_1.0.100.202602081740/tools/bin/../lib/gcc/arm-none-eabi/14.3.1/thumb/v7e-m+dp/hard/crti.o
                0x08004e3c                _init
 .init          0x08004e40        0x8 C:/ST/STM32CubeIDE_2.1.1/STM32CubeIDE/plugins/com.st.stm32cube.ide.mcu.externaltools.gnu-tools-for-stm32.14.3.rel1.win32_1.0.100.202602081740/tools/bin/../lib/gcc/arm-none-eabi/14.3.1/thumb/v7e-m+dp/hard/crtn.o
 *(.fini)
 .fini          0x08004e48        0x4 C:/ST/STM32CubeIDE_2.1.1/STM32CubeIDE/plugins/com.st.stm32cube.ide.mcu.externaltools.gnu-tools-for-stm32.14.3.rel1.win32_1.0.100.202602081740/tools/bin/../lib/gcc/arm-none-eabi/14.3.1/thumb/v7e-m+dp/hard/crti.o
                0x08004e48                _fini
 .fini          0x08004e4c        0x8 C:/ST/STM32CubeIDE_2.1.1/STM32CubeIDE/plugins/com.st.stm32cube.ide.mcu.externaltools.gnu-tools-for-stm32.14.3.rel1.win32_1.0.100.202602081740/tools/bin/../lib/gcc/arm-none-eabi/14.3.1/thumb/v7e-m+dp/hard/crtn.o
                0x08004e54                        . = ALIGN (0x4)
                0x08004e54                        _etext = .

.vfp11_veneer   0x08004e54        0x0
 .vfp11_veneer  0x08004e54        0x0 linker stubs

.v4_bx          0x08004e54        0x0
 .v4_bx         0x08004e54        0x0 linker stubs

.iplt           0x08004e54        0x0
 .iplt          0x08004e54        0x0 C:/ST/STM32CubeIDE_2.1.1/STM32CubeIDE/plugins/com.st.stm32cube.ide.mcu.externaltools.gnu-tools-for-stm32.14.3.rel1.win32_1.0.100.202602081740/tools/bin/../lib/gcc/arm-none-eabi/14.3.1/thumb/v7e-m+dp/hard/crtbegin.o

.rodata         0x08004e54      0x564
                0x08004e54                        . = ALIGN (0x4)
 *(.rodata)
 .rodata        0x08004e54        0x5 ./Core/Src/main.o
 *(.rodata*)
 *fill*         0x08004e59        0x3 
 .rodata.LCD1_PINS
                0x08004e5c       0x2c ./Core/Src/main.o
 .rodata.LCD2_PINS
                0x08004e88       0x2c ./Core/Src/main.o
 .rodata.str1.4
                0x08004eb4      0x3b9 ./Core/Src/main.o
                                0x1af (size before relaxing)
 *fill*         0x0800526d        0x3 
 .rodata.standard_font5x7
                0x08005270       0xe1 ./Core/Src/main.o
                0x08005270                standard_font5x7
 *fill*         0x08005351        0x3 
 .rodata.matrix_mapping
                0x08005354       0x10 ./Core/Src/main.o
                0x08005354                matrix_mapping
 .rodata.Confirm_Prob_Entry.str1.4
                0x08005364       0x45 ./Core/Src/main.o
 .rodata.Redraw_Coding_Options.str1.4
                0x08005364        0x6 ./Core/Src/main.o
 .rodata.Redraw_Prob_Screen.str1.4
                0x08005364        0xd ./Core/Src/main.o
 .rodata.Draw_Tree_On_D2.str1.4
                0x08005364        0x7 ./Core/Src/main.o
 .rodata.Draw_Result_Table.str1.4
                0x08005364        0xc ./Core/Src/main.o
 .rodata.Draw_Static_Screen.str1.4
                0x08005364      0x191 ./Core/Src/main.o
 .rodata.char_labels.2
                0x08005364        0x5 ./Core/Src/main.o
 *fill*         0x08005369        0x3 
 .rodata.labels.1
                0x0800536c        0x5 ./Core/Src/main.o
 *fill*         0x08005371        0x3 
 .rodata.D1CorePrescTable
                0x08005374       0x10 ./Core/Src/system_stm32h7xx.o
                0x08005374                D1CorePrescTable
 .rodata._svfprintf_r.str1.1
                0x08005384       0x33 C:/ST/STM32CubeIDE_2.1.1/STM32CubeIDE/plugins/com.st.stm32cube.ide.mcu.externaltools.gnu-tools-for-stm32.14.3.rel1.win32_1.0.100.202602081740/tools/bin/../lib/gcc/arm-none-eabi/14.3.1/../../../../arm-none-eabi/lib/thumb/v7e-m+dp/hard\libc_nano.a(libc_a-nano-svfprintf.o)
                                 0x11 (size before relaxing)
 .rodata._printf_i.str1.1
                0x080053b7       0x22 C:/ST/STM32CubeIDE_2.1.1/STM32CubeIDE/plugins/com.st.stm32cube.ide.mcu.externaltools.gnu-tools-for-stm32.14.3.rel1.win32_1.0.100.202602081740/tools/bin/../lib/gcc/arm-none-eabi/14.3.1/../../../../arm-none-eabi/lib/thumb/v7e-m+dp/hard\libc_nano.a(libc_a-nano-vfprintf_i.o)
                0x080053dc                        . = ALIGN (0x4)
 *fill*         0x080053b7        0x1 

.ARM.extab
 *(.ARM.extab* .gnu.linkonce.armextab.*)

.ARM            0x080053b8        0x8
                0x080053b8                        __exidx_start = .
 *(.ARM.exidx*)
 .ARM.exidx     0x080053b8        0x8 C:/ST/STM32CubeIDE_2.1.1/STM32CubeIDE/plugins/com.st.stm32cube.ide.mcu.externaltools.gnu-tools-for-stm32.14.3.rel1.win32_1.0.100.202602081740/tools/bin/../lib/gcc/arm-none-eabi/14.3.1/../../../../arm-none-eabi/lib/thumb/v7e-m+dp/hard\libc_nano.a(libc_a-strlen.o)
 .ARM.exidx     0x080053c0        0x0 C:/ST/STM32CubeIDE_2.1.1/STM32CubeIDE/plugins/com.st.stm32cube.ide.mcu.externaltools.gnu-tools-for-stm32.14.3.rel1.win32_1.0.100.202602081740/tools/bin/../lib/gcc/arm-none-eabi/14.3.1/../../../../arm-none-eabi/lib/thumb/v7e-m+dp/hard\libc_nano.a(libc_a-memchr.o)
                                  0x8 (size before relaxing)
                0x080053c0                        __exidx_end = .

.preinit_array  0x080053c0        0x0
                0x080053c0                        PROVIDE (__preinit_array_start = .)
 *(.preinit_array*)
                0x080053c0                        PROVIDE (__preinit_array_end = .)

.init_array     0x080053c0        0x4
                0x080053c0                        PROVIDE (__init_array_start = .)
 *(SORT_BY_NAME(.init_array.*))
 *(.init_array*)
 .init_array    0x080053c0        0x4 C:/ST/STM32CubeIDE_2.1.1/STM32CubeIDE/plugins/com.st.stm32cube.ide.mcu.externaltools.gnu-tools-for-stm32.14.3.rel1.win32_1.0.100.202602081740/tools/bin/../lib/gcc/arm-none-eabi/14.3.1/thumb/v7e-m+dp/hard/crtbegin.o
                0x080053c4                        PROVIDE (__init_array_end = .)

.fini_array     0x080053c4        0x4
                [!provide]                        PROVIDE (__fini_array_start = .)
 *(SORT_BY_NAME(.fini_array.*))
 *(.fini_array*)
 .fini_array    0x080053c4        0x4 C:/ST/STM32CubeIDE_2.1.1/STM32CubeIDE/plugins/com.st.stm32cube.ide.mcu.externaltools.gnu-tools-for-stm32.14.3.rel1.win32_1.0.100.202602081740/tools/bin/../lib/gcc/arm-none-eabi/14.3.1/thumb/v7e-m+dp/hard/crtbegin.o
                [!provide]                        PROVIDE (__fini_array_end = .)
                0x080053c8                        _sidata = LOADADDR (.data)

.rel.dyn        0x080053c8        0x0
 .rel.iplt      0x080053c8        0x0 C:/ST/STM32CubeIDE_2.1.1/STM32CubeIDE/plugins/com.st.stm32cube.ide.mcu.externaltools.gnu-tools-for-stm32.14.3.rel1.win32_1.0.100.202602081740/tools/bin/../lib/gcc/arm-none-eabi/14.3.1/thumb/v7e-m+dp/hard/crtbegin.o

.data           0x24000000       0x9c load address 0x080053c8
                0x24000000                        . = ALIGN (0x4)
                0x24000000                        _sdata = .
 *(.data)
 *(.data*)
 .data.last_rendered_state
                0x24000000        0x1 ./Core/Src/main.o
 .data.last_rendered_selection
                0x24000001        0x1 ./Core/Src/main.o
 .data.last_prob_cursor
                0x24000002        0x1 ./Core/Src/main.o
 .data.tree_root
                0x24000003        0x1 ./Core/Src/main.o
 .data.last_result_cursor
                0x24000004        0x1 ./Core/Src/main.o
 *fill*         0x24000005        0x3 
 .data.coding_options
                0x24000008        0xc ./Core/Src/main.o
 .data.coding_descriptions
                0x24000014        0xc ./Core/Src/main.o
 .data.prev_B9.7
                0x24000020        0x1 ./Core/Src/main.o
 .data.prev_B8.6
                0x24000021        0x1 ./Core/Src/main.o
 .data.prev_B5.5
                0x24000022        0x1 ./Core/Src/main.o
 .data.prev_B6.4
                0x24000023        0x1 ./Core/Src/main.o
 .data.prev_B7.3
                0x24000024        0x1 ./Core/Src/main.o
 *fill*         0x24000025        0x3 
 .data.fixed_codes.0
                0x24000028       0x14 ./Core/Src/main.o
 .data.SystemCoreClock
                0x2400003c        0x4 ./Core/Src/system_stm32h7xx.o
                0x2400003c                SystemCoreClock
 .data.SystemD2Clock
                0x24000040        0x4 ./Core/Src/system_stm32h7xx.o
                0x24000040                SystemD2Clock
 .data.uwTickPrio
                0x24000044        0x4 ./Drivers/STM32H7xx_HAL_Driver/Src/stm32h7xx_hal.o
                0x24000044                uwTickPrio
 .data.uwTickFreq
                0x24000048        0x1 ./Drivers/STM32H7xx_HAL_Driver/Src/stm32h7xx_hal.o
                0x24000048                uwTickFreq
 *fill*         0x24000049        0x3 
 .data._impure_ptr
                0x2400004c        0x4 C:/ST/STM32CubeIDE_2.1.1/STM32CubeIDE/plugins/com.st.stm32cube.ide.mcu.externaltools.gnu-tools-for-stm32.14.3.rel1.win32_1.0.100.202602081740/tools/bin/../lib/gcc/arm-none-eabi/14.3.1/../../../../arm-none-eabi/lib/thumb/v7e-m+dp/hard\libc_nano.a(libc_a-impure.o)
                0x2400004c                _impure_ptr
 .data._impure_data
                0x24000050       0x4c C:/ST/STM32CubeIDE_2.1.1/STM32CubeIDE/plugins/com.st.stm32cube.ide.mcu.externaltools.gnu-tools-for-stm32.14.3.rel1.win32_1.0.100.202602081740/tools/bin/../lib/gcc/arm-none-eabi/14.3.1/../../../../arm-none-eabi/lib/thumb/v7e-m+dp/hard\libc_nano.a(libc_a-impure.o)
                0x24000050                _impure_data
 *(.RamFunc)
 *(.RamFunc*)
                0x2400009c                        . = ALIGN (0x4)
                0x2400009c                        _edata = .

.igot.plt       0x2400009c        0x0 load address 0x08005464
 .igot.plt      0x2400009c        0x0 C:/ST/STM32CubeIDE_2.1.1/STM32CubeIDE/plugins/com.st.stm32cube.ide.mcu.externaltools.gnu-tools-for-stm32.14.3.rel1.win32_1.0.100.202602081740/tools/bin/../lib/gcc/arm-none-eabi/14.3.1/thumb/v7e-m+dp/hard/crtbegin.o
                0x2400009c                        . = ALIGN (0x4)

.bss            0x2400009c      0x264 load address 0x08005464
                0x2400009c                        _sbss = .
                0x2400009c                        __bss_start__ = _sbss
 *(.bss)
 .bss           0x2400009c       0x1c C:/ST/STM32CubeIDE_2.1.1/STM32CubeIDE/plugins/com.st.stm32cube.ide.mcu.externaltools.gnu-tools-for-stm32.14.3.rel1.win32_1.0.100.202602081740/tools/bin/../lib/gcc/arm-none-eabi/14.3.1/thumb/v7e-m+dp/hard/crtbegin.o
 *(.bss*)
 .bss.app_state
                0x240000b8        0x1 ./Core/Src/main.o
 .bss.coding_selection
                0x240000b9        0x1 ./Core/Src/main.o
 .bss.prob_cursor
                0x240000ba        0x1 ./Core/Src/main.o
 *fill*         0x240000bb        0x1 
 .bss.prob_values
                0x240000bc        0xa ./Core/Src/main.o
 .bss.prob_current
                0x240000c6        0x2 ./Core/Src/main.o
 .bss.prob_has_input
                0x240000c8        0x1 ./Core/Src/main.o
 *fill*         0x240000c9        0x3 
 .bss.tree_nodes
                0x240000cc       0x6c ./Core/Src/main.o
 .bss.tree_node_count
                0x24000138        0x1 ./Core/Src/main.o
 *fill*         0x24000139        0x3 
 .bss.sym_codes
                0x2400013c       0x28 ./Core/Src/main.o
 .bss.sym_code_len
                0x24000164        0x5 ./Core/Src/main.o
 .bss.result_cursor
                0x24000169        0x1 ./Core/Src/main.o
 *fill*         0x2400016a        0x2 
 .bss.message_buffer
                0x2400016c       0x40 ./Core/Src/main.o
                0x2400016c                message_buffer
 .bss.message_len
                0x240001ac        0x4 ./Core/Src/main.o
                0x240001ac                message_len
 .bss.__sbrk_heap_end
                0x240001b0        0x4 ./Core/Src/sysmem.o
 .bss.uwTick    0x240001b4        0x4 ./Drivers/STM32H7xx_HAL_Driver/Src/stm32h7xx_hal.o
                0x240001b4                uwTick
 .bss.__sf      0x240001b8      0x138 C:/ST/STM32CubeIDE_2.1.1/STM32CubeIDE/plugins/com.st.stm32cube.ide.mcu.externaltools.gnu-tools-for-stm32.14.3.rel1.win32_1.0.100.202602081740/tools/bin/../lib/gcc/arm-none-eabi/14.3.1/../../../../arm-none-eabi/lib/thumb/v7e-m+dp/hard\libc_nano.a(libc_a-findfp.o)
                0x240001b8                __sf
 .bss.errno     0x240002f0        0x4 C:/ST/STM32CubeIDE_2.1.1/STM32CubeIDE/plugins/com.st.stm32cube.ide.mcu.externaltools.gnu-tools-for-stm32.14.3.rel1.win32_1.0.100.202602081740/tools/bin/../lib/gcc/arm-none-eabi/14.3.1/../../../../arm-none-eabi/lib/thumb/v7e-m+dp/hard\libc_nano.a(libc_a-reent.o)
                0x240002f0                errno
 .bss.__lock___malloc_recursive_mutex
                0x240002f4        0x1 C:/ST/STM32CubeIDE_2.1.1/STM32CubeIDE/plugins/com.st.stm32cube.ide.mcu.externaltools.gnu-tools-for-stm32.14.3.rel1.win32_1.0.100.202602081740/tools/bin/../lib/gcc/arm-none-eabi/14.3.1/../../../../arm-none-eabi/lib/thumb/v7e-m+dp/hard\libc_nano.a(libc_a-lock.o)
                0x240002f4                __lock___malloc_recursive_mutex
 *fill*         0x240002f5        0x3 
 .bss.__malloc_sbrk_start
                0x240002f8        0x4 C:/ST/STM32CubeIDE_2.1.1/STM32CubeIDE/plugins/com.st.stm32cube.ide.mcu.externaltools.gnu-tools-for-stm32.14.3.rel1.win32_1.0.100.202602081740/tools/bin/../lib/gcc/arm-none-eabi/14.3.1/../../../../arm-none-eabi/lib/thumb/v7e-m+dp/hard\libc_nano.a(libc_a-mallocr.o)
                0x240002f8                __malloc_sbrk_start
 .bss.__malloc_free_list
                0x240002fc        0x4 C:/ST/STM32CubeIDE_2.1.1/STM32CubeIDE/plugins/com.st.stm32cube.ide.mcu.externaltools.gnu-tools-for-stm32.14.3.rel1.win32_1.0.100.202602081740/tools/bin/../lib/gcc/arm-none-eabi/14.3.1/../../../../arm-none-eabi/lib/thumb/v7e-m+dp/hard\libc_nano.a(libc_a-mallocr.o)
                0x240002fc                __malloc_free_list
 *(COMMON)
                0x24000300                        . = ALIGN (0x4)
                0x24000300                        _ebss = .
                0x24000300                        __bss_end__ = _ebss

._user_heap_stack
                0x24000300      0x600 load address 0x08005464
                0x24000300                        . = ALIGN (0x8)
                [!provide]                        PROVIDE (end = .)
                0x24000300                        PROVIDE (_end = .)
                0x24000500                        . = (. + _Min_Heap_Size)
 *fill*         0x24000300      0x200 
                0x24000900                        . = (. + _Min_Stack_Size)
 *fill*         0x24000500      0x400 
                0x24000900                        . = ALIGN (0x8)

/DISCARD/
 libc.a(*)
 libm.a(*)
 libgcc.a(*)

.ARM.attributes
                0x00000000       0x2e
 *(.ARM.attributes)
 .ARM.attributes
                0x00000000       0x20 C:/ST/STM32CubeIDE_2.1.1/STM32CubeIDE/plugins/com.st.stm32cube.ide.mcu.externaltools.gnu-tools-for-stm32.14.3.rel1.win32_1.0.100.202602081740/tools/bin/../lib/gcc/arm-none-eabi/14.3.1/thumb/v7e-m+dp/hard/crti.o
 .ARM.attributes
                0x00000020       0x32 C:/ST/STM32CubeIDE_2.1.1/STM32CubeIDE/plugins/com.st.stm32cube.ide.mcu.externaltools.gnu-tools-for-stm32.14.3.rel1.win32_1.0.100.202602081740/tools/bin/../lib/gcc/arm-none-eabi/14.3.1/thumb/v7e-m+dp/hard/crtbegin.o
 .ARM.attributes
                0x00000052       0x32 ./Core/Src/main.o
 .ARM.attributes
                0x00000084       0x32 ./Core/Src/stm32h7xx_hal_msp.o
 .ARM.attributes
                0x000000b6       0x32 ./Core/Src/stm32h7xx_it.o
 .ARM.attributes
                0x000000e8       0x32 ./Core/Src/sysmem.o
 .ARM.attributes
                0x0000011a       0x32 ./Core/Src/system_stm32h7xx.o
 .ARM.attributes
                0x0000014c       0x21 ./Core/Startup/startup_stm32h743vitx.o
 .ARM.attributes
                0x0000016d       0x32 ./Drivers/STM32H7xx_HAL_Driver/Src/stm32h7xx_hal.o
 .ARM.attributes
                0x0000019f       0x32 ./Drivers/STM32H7xx_HAL_Driver/Src/stm32h7xx_hal_cortex.o
 .ARM.attributes
                0x000001d1       0x32 ./Drivers/STM32H7xx_HAL_Driver/Src/stm32h7xx_hal_gpio.o
 .ARM.attributes
                0x00000203       0x32 ./Drivers/STM32H7xx_HAL_Driver/Src/stm32h7xx_hal_pwr_ex.o
 .ARM.attributes
                0x00000235       0x32 ./Drivers/STM32H7xx_HAL_Driver/Src/stm32h7xx_hal_rcc.o
 .ARM.attributes
                0x00000267       0x32 C:/ST/STM32CubeIDE_2.1.1/STM32CubeIDE/plugins/com.st.stm32cube.ide.mcu.externaltools.gnu-tools-for-stm32.14.3.rel1.win32_1.0.100.202602081740/tools/bin/../lib/gcc/arm-none-eabi/14.3.1/../../../../arm-none-eabi/lib/thumb/v7e-m+dp/hard\libc_nano.a(libc_a-findfp.o)
 .ARM.attributes
                0x00000299       0x32 C:/ST/STM32CubeIDE_2.1.1/STM32CubeIDE/plugins/com.st.stm32cube.ide.mcu.externaltools.gnu-tools-for-stm32.14.3.rel1.win32_1.0.100.202602081740/tools/bin/../lib/gcc/arm-none-eabi/14.3.1/../../../../arm-none-eabi/lib/thumb/v7e-m+dp/hard\libc_nano.a(libc_a-snprintf.o)
 .ARM.attributes
                0x000002cb       0x32 C:/ST/STM32CubeIDE_2.1.1/STM32CubeIDE/plugins/com.st.stm32cube.ide.mcu.externaltools.gnu-tools-for-stm32.14.3.rel1.win32_1.0.100.202602081740/tools/bin/../lib/gcc/arm-none-eabi/14.3.1/../../../../arm-none-eabi/lib/thumb/v7e-m+dp/hard\libc_nano.a(libc_a-memset.o)
 .ARM.attributes
                0x000002fd       0x32 C:/ST/STM32CubeIDE_2.1.1/STM32CubeIDE/plugins/com.st.stm32cube.ide.mcu.externaltools.gnu-tools-for-stm32.14.3.rel1.win32_1.0.100.202602081740/tools/bin/../lib/gcc/arm-none-eabi/14.3.1/../../../../arm-none-eabi/lib/thumb/v7e-m+dp/hard\libc_nano.a(libc_a-reent.o)
 .ARM.attributes
                0x0000032f       0x32 C:/ST/STM32CubeIDE_2.1.1/STM32CubeIDE/plugins/com.st.stm32cube.ide.mcu.externaltools.gnu-tools-for-stm32.14.3.rel1.win32_1.0.100.202602081740/tools/bin/../lib/gcc/arm-none-eabi/14.3.1/../../../../arm-none-eabi/lib/thumb/v7e-m+dp/hard\libc_nano.a(libc_a-impure.o)
 .ARM.attributes
                0x00000361       0x32 C:/ST/STM32CubeIDE_2.1.1/STM32CubeIDE/plugins/com.st.stm32cube.ide.mcu.externaltools.gnu-tools-for-stm32.14.3.rel1.win32_1.0.100.202602081740/tools/bin/../lib/gcc/arm-none-eabi/14.3.1/../../../../arm-none-eabi/lib/thumb/v7e-m+dp/hard\libc_nano.a(libc_a-errno.o)
 .ARM.attributes
                0x00000393       0x32 C:/ST/STM32CubeIDE_2.1.1/STM32CubeIDE/plugins/com.st.stm32cube.ide.mcu.externaltools.gnu-tools-for-stm32.14.3.rel1.win32_1.0.100.202602081740/tools/bin/../lib/gcc/arm-none-eabi/14.3.1/../../../../arm-none-eabi/lib/thumb/v7e-m+dp/hard\libc_nano.a(libc_a-init.o)
 .ARM.attributes
                0x000003c5       0x32 C:/ST/STM32CubeIDE_2.1.1/STM32CubeIDE/plugins/com.st.stm32cube.ide.mcu.externaltools.gnu-tools-for-stm32.14.3.rel1.win32_1.0.100.202602081740/tools/bin/../lib/gcc/arm-none-eabi/14.3.1/../../../../arm-none-eabi/lib/thumb/v7e-m+dp/hard\libc_nano.a(libc_a-lock.o)
 .ARM.attributes
                0x000003f7       0x17 C:/ST/STM32CubeIDE_2.1.1/STM32CubeIDE/plugins/com.st.stm32cube.ide.mcu.externaltools.gnu-tools-for-stm32.14.3.rel1.win32_1.0.100.202602081740/tools/bin/../lib/gcc/arm-none-eabi/14.3.1/../../../../arm-none-eabi/lib/thumb/v7e-m+dp/hard\libc_nano.a(libc_a-strlen.o)
 .ARM.attributes
                0x0000040e       0x32 C:/ST/STM32CubeIDE_2.1.1/STM32CubeIDE/plugins/com.st.stm32cube.ide.mcu.externaltools.gnu-tools-for-stm32.14.3.rel1.win32_1.0.100.202602081740/tools/bin/../lib/gcc/arm-none-eabi/14.3.1/../../../../arm-none-eabi/lib/thumb/v7e-m+dp/hard\libc_nano.a(libc_a-freer.o)
 .ARM.attributes
                0x00000440       0x32 C:/ST/STM32CubeIDE_2.1.1/STM32CubeIDE/plugins/com.st.stm32cube.ide.mcu.externaltools.gnu-tools-for-stm32.14.3.rel1.win32_1.0.100.202602081740/tools/bin/../lib/gcc/arm-none-eabi/14.3.1/../../../../arm-none-eabi/lib/thumb/v7e-m+dp/hard\libc_nano.a(libc_a-mallocr.o)
 .ARM.attributes
                0x00000472       0x32 C:/ST/STM32CubeIDE_2.1.1/STM32CubeIDE/plugins/com.st.stm32cube.ide.mcu.externaltools.gnu-tools-for-stm32.14.3.rel1.win32_1.0.100.202602081740/tools/bin/../lib/gcc/arm-none-eabi/14.3.1/../../../../arm-none-eabi/lib/thumb/v7e-m+dp/hard\libc_nano.a(libc_a-mlock.o)
 .ARM.attributes
                0x000004a4       0x32 C:/ST/STM32CubeIDE_2.1.1/STM32CubeIDE/plugins/com.st.stm32cube.ide.mcu.externaltools.gnu-tools-for-stm32.14.3.rel1.win32_1.0.100.202602081740/tools/bin/../lib/gcc/arm-none-eabi/14.3.1/../../../../arm-none-eabi/lib/thumb/v7e-m+dp/hard\libc_nano.a(libc_a-nano-svfprintf.o)
 .ARM.attributes
                0x000004d6       0x32 C:/ST/STM32CubeIDE_2.1.1/STM32CubeIDE/plugins/com.st.stm32cube.ide.mcu.externaltools.gnu-tools-for-stm32.14.3.rel1.win32_1.0.100.202602081740/tools/bin/../lib/gcc/arm-none-eabi/14.3.1/../../../../arm-none-eabi/lib/thumb/v7e-m+dp/hard\libc_nano.a(libc_a-nano-vfprintf_i.o)
 .ARM.attributes
                0x00000508       0x32 C:/ST/STM32CubeIDE_2.1.1/STM32CubeIDE/plugins/com.st.stm32cube.ide.mcu.externaltools.gnu-tools-for-stm32.14.3.rel1.win32_1.0.100.202602081740/tools/bin/../lib/gcc/arm-none-eabi/14.3.1/../../../../arm-none-eabi/lib/thumb/v7e-m+dp/hard\libc_nano.a(libc_a-memmove.o)
 .ARM.attributes
                0x0000053a       0x32 C:/ST/STM32CubeIDE_2.1.1/STM32CubeIDE/plugins/com.st.stm32cube.ide.mcu.externaltools.gnu-tools-for-stm32.14.3.rel1.win32_1.0.100.202602081740/tools/bin/../lib/gcc/arm-none-eabi/14.3.1/../../../../arm-none-eabi/lib/thumb/v7e-m+dp/hard\libc_nano.a(libc_a-sbrkr.o)
 .ARM.attributes
                0x0000056c       0x1c C:/ST/STM32CubeIDE_2.1.1/STM32CubeIDE/plugins/com.st.stm32cube.ide.mcu.externaltools.gnu-tools-for-stm32.14.3.rel1.win32_1.0.100.202602081740/tools/bin/../lib/gcc/arm-none-eabi/14.3.1/../../../../arm-none-eabi/lib/thumb/v7e-m+dp/hard\libc_nano.a(libc_a-memchr.o)
 .ARM.attributes
                0x00000588       0x32 C:/ST/STM32CubeIDE_2.1.1/STM32CubeIDE/plugins/com.st.stm32cube.ide.mcu.externaltools.gnu-tools-for-stm32.14.3.rel1.win32_1.0.100.202602081740/tools/bin/../lib/gcc/arm-none-eabi/14.3.1/../../../../arm-none-eabi/lib/thumb/v7e-m+dp/hard\libc_nano.a(libc_a-memcpy-stub.o)
 .ARM.attributes
                0x000005ba       0x32 C:/ST/STM32CubeIDE_2.1.1/STM32CubeIDE/plugins/com.st.stm32cube.ide.mcu.externaltools.gnu-tools-for-stm32.14.3.rel1.win32_1.0.100.202602081740/tools/bin/../lib/gcc/arm-none-eabi/14.3.1/../../../../arm-none-eabi/lib/thumb/v7e-m+dp/hard\libc_nano.a(libc_a-reallocr.o)
 .ARM.attributes
                0x000005ec       0x32 C:/ST/STM32CubeIDE_2.1.1/STM32CubeIDE/plugins/com.st.stm32cube.ide.mcu.externaltools.gnu-tools-for-stm32.14.3.rel1.win32_1.0.100.202602081740/tools/bin/../lib/gcc/arm-none-eabi/14.3.1/../../../../arm-none-eabi/lib/thumb/v7e-m+dp/hard\libc_nano.a(libc_a-msizer.o)
 .ARM.attributes
                0x0000061e       0x20 C:/ST/STM32CubeIDE_2.1.1/STM32CubeIDE/plugins/com.st.stm32cube.ide.mcu.externaltools.gnu-tools-for-stm32.14.3.rel1.win32_1.0.100.202602081740/tools/bin/../lib/gcc/arm-none-eabi/14.3.1/thumb/v7e-m+dp/hard/crtn.o
OUTPUT(EDR_Tele_Project.elf elf32-littlearm)
LOAD linker stubs
LOAD C:/ST/STM32CubeIDE_2.1.1/STM32CubeIDE/plugins/com.st.stm32cube.ide.mcu.externaltools.gnu-tools-for-stm32.14.3.rel1.win32_1.0.100.202602081740/tools/bin/../lib/gcc/arm-none-eabi/14.3.1/../../../../arm-none-eabi/lib/thumb/v7e-m+dp/hard\libc.a
LOAD C:/ST/STM32CubeIDE_2.1.1/STM32CubeIDE/plugins/com.st.stm32cube.ide.mcu.externaltools.gnu-tools-for-stm32.14.3.rel1.win32_1.0.100.202602081740/tools/bin/../lib/gcc/arm-none-eabi/14.3.1/../../../../arm-none-eabi/lib/thumb/v7e-m+dp/hard\libm.a
LOAD C:/ST/STM32CubeIDE_2.1.1/STM32CubeIDE/plugins/com.st.stm32cube.ide.mcu.externaltools.gnu-tools-for-stm32.14.3.rel1.win32_1.0.100.202602081740/tools/bin/../lib/gcc/arm-none-eabi/14.3.1/thumb/v7e-m+dp/hard\libgcc.a

.debug_info     0x00000000     0x878e
 .debug_info    0x00000000     0x21c1 ./Core/Src/main.o
 .debug_info    0x000021c1      0x464 ./Core/Src/stm32h7xx_hal_msp.o
 .debug_info    0x00002625      0x128 ./Core/Src/stm32h7xx_it.o
 .debug_info    0x0000274d      0x168 ./Core/Src/sysmem.o
 .debug_info    0x000028b5      0xdc1 ./Core/Src/system_stm32h7xx.o
 .debug_info    0x00003676       0x30 ./Core/Startup/startup_stm32h743vitx.o
 .debug_info    0x000036a6     0x153b ./Drivers/STM32H7xx_HAL_Driver/Src/stm32h7xx_hal.o
 .debug_info    0x00004be1     0x10be ./Drivers/STM32H7xx_HAL_Driver/Src/stm32h7xx_hal_cortex.o
 .debug_info    0x00005c9f      0xc5a ./Drivers/STM32H7xx_HAL_Driver/Src/stm32h7xx_hal_gpio.o
 .debug_info    0x000068f9     0x1021 ./Drivers/STM32H7xx_HAL_Driver/Src/stm32h7xx_hal_pwr_ex.o
 .debug_info    0x0000791a      0xe74 ./Drivers/STM32H7xx_HAL_Driver/Src/stm32h7xx_hal_rcc.o

.debug_abbrev   0x00000000     0x142a
 .debug_abbrev  0x00000000      0x355 ./Core/Src/main.o
 .debug_abbrev  0x00000355       0xdb ./Core/Src/stm32h7xx_hal_msp.o
 .debug_abbrev  0x00000430       0x73 ./Core/Src/stm32h7xx_it.o
 .debug_abbrev  0x000004a3       0xbc ./Core/Src/sysmem.o
 .debug_abbrev  0x0000055f      0x165 ./Core/Src/system_stm32h7xx.o
 .debug_abbrev  0x000006c4       0x24 ./Core/Startup/startup_stm32h743vitx.o
 .debug_abbrev  0x000006e8      0x295 ./Drivers/STM32H7xx_HAL_Driver/Src/stm32h7xx_hal.o
 .debug_abbrev  0x0000097d      0x339 ./Drivers/STM32H7xx_HAL_Driver/Src/stm32h7xx_hal_cortex.o
 .debug_abbrev  0x00000cb6      0x205 ./Drivers/STM32H7xx_HAL_Driver/Src/stm32h7xx_hal_gpio.o
 .debug_abbrev  0x00000ebb      0x2a7 ./Drivers/STM32H7xx_HAL_Driver/Src/stm32h7xx_hal_pwr_ex.o
 .debug_abbrev  0x00001162      0x2c8 ./Drivers/STM32H7xx_HAL_Driver/Src/stm32h7xx_hal_rcc.o

.debug_aranges  0x00000000      0x758
 .debug_aranges
                0x00000000      0x160 ./Core/Src/main.o
 .debug_aranges
                0x00000160       0x20 ./Core/Src/stm32h7xx_hal_msp.o
 .debug_aranges
                0x00000180       0x60 ./Core/Src/stm32h7xx_it.o
 .debug_aranges
                0x000001e0       0x20 ./Core/Src/sysmem.o
 .debug_aranges
                0x00000200       0x30 ./Core/Src/system_stm32h7xx.o
 .debug_aranges
                0x00000230       0x28 ./Core/Startup/startup_stm32h743vitx.o
 .debug_aranges
                0x00000258      0x198 ./Drivers/STM32H7xx_HAL_Driver/Src/stm32h7xx_hal.o
 .debug_aranges
                0x000003f0      0x130 ./Drivers/STM32H7xx_HAL_Driver/Src/stm32h7xx_hal_cortex.o
 .debug_aranges
                0x00000520       0x58 ./Drivers/STM32H7xx_HAL_Driver/Src/stm32h7xx_hal_gpio.o
 .debug_aranges
                0x00000578      0x158 ./Drivers/STM32H7xx_HAL_Driver/Src/stm32h7xx_hal_pwr_ex.o
 .debug_aranges
                0x000006d0       0x88 ./Drivers/STM32H7xx_HAL_Driver/Src/stm32h7xx_hal_rcc.o

.debug_rnglists
                0x00000000      0x587
 .debug_rnglists
                0x00000000      0x129 ./Core/Src/main.o
 .debug_rnglists
                0x00000129       0x13 ./Core/Src/stm32h7xx_hal_msp.o
 .debug_rnglists
                0x0000013c       0x43 ./Core/Src/stm32h7xx_it.o
 .debug_rnglists
                0x0000017f       0x13 ./Core/Src/sysmem.o
 .debug_rnglists
                0x00000192       0x21 ./Core/Src/system_stm32h7xx.o
 .debug_rnglists
                0x000001b3       0x19 ./Core/Startup/startup_stm32h743vitx.o
 .debug_rnglists
                0x000001cc      0x131 ./Drivers/STM32H7xx_HAL_Driver/Src/stm32h7xx_hal.o
 .debug_rnglists
                0x000002fd       0xe0 ./Drivers/STM32H7xx_HAL_Driver/Src/stm32h7xx_hal_cortex.o
 .debug_rnglists
                0x000003dd       0x3f ./Drivers/STM32H7xx_HAL_Driver/Src/stm32h7xx_hal_gpio.o
 .debug_rnglists
                0x0000041c      0x103 ./Drivers/STM32H7xx_HAL_Driver/Src/stm32h7xx_hal_pwr_ex.o
 .debug_rnglists
                0x0000051f       0x68 ./Drivers/STM32H7xx_HAL_Driver/Src/stm32h7xx_hal_rcc.o

.debug_macro    0x00000000     0x1d67
 .debug_macro   0x00000000      0x2ff ./Core/Src/main.o
 .debug_macro   0x000002ff       0x16 ./Core/Src/main.o
 .debug_macro   0x00000315       0x3c ./Core/Src/main.o
 .debug_macro   0x00000351       0x20 ./Core/Src/main.o
 .debug_macro   0x00000371       0x1c ./Core/Src/main.o
 .debug_macro   0x0000038d       0x10 ./Core/Src/main.o
 .debug_macro   0x0000039d       0x1c ./Core/Src/main.o
 .debug_macro   0x000003b9       0x16 ./Core/Src/main.o
 .debug_macro   0x000003cf      0x146 ./Core/Src/main.o
 .debug_macro   0x00000515      0x295 ./Core/Src/stm32h7xx_hal_msp.o
 .debug_macro   0x000007aa      0x29f ./Core/Src/stm32h7xx_it.o
 .debug_macro   0x00000a49      0x112 ./Core/Src/sysmem.o
 .debug_macro   0x00000b5b      0x23c ./Core/Src/sysmem.o
 .debug_macro   0x00000d97      0x28b ./Core/Src/system_stm32h7xx.o
 .debug_macro   0x00001022      0x2b5 ./Drivers/STM32H7xx_HAL_Driver/Src/stm32h7xx_hal.o
 .debug_macro   0x000012d7      0x28b ./Drivers/STM32H7xx_HAL_Driver/Src/stm32h7xx_hal_cortex.o
 .debug_macro   0x00001562      0x292 ./Drivers/STM32H7xx_HAL_Driver/Src/stm32h7xx_hal_gpio.o
 .debug_macro   0x000017f4      0x2c4 ./Drivers/STM32H7xx_HAL_Driver/Src/stm32h7xx_hal_pwr_ex.o
 .debug_macro   0x00001ab8      0x2af ./Drivers/STM32H7xx_HAL_Driver/Src/stm32h7xx_hal_rcc.o

.debug_line     0x00000000     0x8d44
 .debug_line    0x00000000     0x1c31 ./Core/Src/main.o
 .debug_line    0x00001c31      0x88d ./Core/Src/stm32h7xx_hal_msp.o
 .debug_line    0x000024be      0x93d ./Core/Src/stm32h7xx_it.o
 .debug_line    0x00002dfb      0x58d ./Core/Src/sysmem.o
 .debug_line    0x00003388      0xa96 ./Core/Src/system_stm32h7xx.o
 .debug_line    0x00003e1e       0x7b ./Core/Startup/startup_stm32h743vitx.o
 .debug_line    0x00003e99      0xe69 ./Drivers/STM32H7xx_HAL_Driver/Src/stm32h7xx_hal.o
 .debug_line    0x00004d02      0xe4c ./Drivers/STM32H7xx_HAL_Driver/Src/stm32h7xx_hal_cortex.o
 .debug_line    0x00005b4e      0xcff ./Drivers/STM32H7xx_HAL_Driver/Src/stm32h7xx_hal_gpio.o
 .debug_line    0x0000684d      0xfea ./Drivers/STM32H7xx_HAL_Driver/Src/stm32h7xx_hal_pwr_ex.o
 .debug_line    0x00007837     0x150d ./Drivers/STM32H7xx_HAL_Driver/Src/stm32h7xx_hal_rcc.o

.debug_str      0x00000000   0x14fc60
 .debug_str     0x00000000   0x14fc60 ./Core/Src/main.o
                             0x14dbc4 (size before relaxing)
 .debug_str     0x0014fc60   0x14c963 ./Core/Src/stm32h7xx_hal_msp.o
 .debug_str     0x0014fc60   0x14c7c2 ./Core/Src/stm32h7xx_it.o
 .debug_str     0x0014fc60     0x776c ./Core/Src/sysmem.o
 .debug_str     0x0014fc60   0x14ccdc ./Core/Src/system_stm32h7xx.o
 .debug_str     0x0014fc60       0x86 ./Core/Startup/startup_stm32h743vitx.o
 .debug_str     0x0014fc60   0x14dbac ./Drivers/STM32H7xx_HAL_Driver/Src/stm32h7xx_hal.o
 .debug_str     0x0014fc60   0x14d5ee ./Drivers/STM32H7xx_HAL_Driver/Src/stm32h7xx_hal_cortex.o
 .debug_str     0x0014fc60   0x14cc4d ./Drivers/STM32H7xx_HAL_Driver/Src/stm32h7xx_hal_gpio.o
 .debug_str     0x0014fc60   0x14d115 ./Drivers/STM32H7xx_HAL_Driver/Src/stm32h7xx_hal_pwr_ex.o
 .debug_str     0x0014fc60   0x14d031 ./Drivers/STM32H7xx_HAL_Driver/Src/stm32h7xx_hal_rcc.o

.comment        0x00000000       0x43
 .comment       0x00000000       0x43 ./Core/Src/main.o
                                 0x44 (size before relaxing)
 .comment       0x00000043       0x44 ./Core/Src/stm32h7xx_hal_msp.o
 .comment       0x00000043       0x44 ./Core/Src/stm32h7xx_it.o
 .comment       0x00000043       0x44 ./Core/Src/sysmem.o
 .comment       0x00000043       0x44 ./Core/Src/system_stm32h7xx.o
 .comment       0x00000043       0x44 ./Drivers/STM32H7xx_HAL_Driver/Src/stm32h7xx_hal.o
 .comment       0x00000043       0x44 ./Drivers/STM32H7xx_HAL_Driver/Src/stm32h7xx_hal_cortex.o
 .comment       0x00000043       0x44 ./Drivers/STM32H7xx_HAL_Driver/Src/stm32h7xx_hal_gpio.o
 .comment       0x00000043       0x44 ./Drivers/STM32H7xx_HAL_Driver/Src/stm32h7xx_hal_pwr_ex.o
 .comment       0x00000043       0x44 ./Drivers/STM32H7xx_HAL_Driver/Src/stm32h7xx_hal_rcc.o

.debug_frame    0x00000000     0x2050
 .debug_frame   0x00000000      0x5dc ./Core/Src/main.o
 .debug_frame   0x000005dc       0x34 ./Core/Src/stm32h7xx_hal_msp.o
 .debug_frame   0x00000610       0xf8 ./Core/Src/stm32h7xx_it.o
 .debug_frame   0x00000708       0x34 ./Core/Src/sysmem.o
 .debug_frame   0x0000073c       0x60 ./Core/Src/system_stm32h7xx.o
 .debug_frame   0x0000079c      0x5e8 ./Drivers/STM32H7xx_HAL_Driver/Src/stm32h7xx_hal.o
 .debug_frame   0x00000d84      0x4b8 ./Drivers/STM32H7xx_HAL_Driver/Src/stm32h7xx_hal_cortex.o
 .debug_frame   0x0000123c      0x130 ./Drivers/STM32H7xx_HAL_Driver/Src/stm32h7xx_hal_gpio.o
 .debug_frame   0x0000136c      0x500 ./Drivers/STM32H7xx_HAL_Driver/Src/stm32h7xx_hal_pwr_ex.o
 .debug_frame   0x0000186c      0x1e4 ./Drivers/STM32H7xx_HAL_Driver/Src/stm32h7xx_hal_rcc.o
 .debug_frame   0x00001a50      0x144 C:/ST/STM32CubeIDE_2.1.1/STM32CubeIDE/plugins/com.st.stm32cube.ide.mcu.externaltools.gnu-tools-for-stm32.14.3.rel1.win32_1.0.100.202602081740/tools/bin/../lib/gcc/arm-none-eabi/14.3.1/../../../../arm-none-eabi/lib/thumb/v7e-m+dp/hard\libc_nano.a(libc_a-findfp.o)
 .debug_frame   0x00001b94       0x7c C:/ST/STM32CubeIDE_2.1.1/STM32CubeIDE/plugins/com.st.stm32cube.ide.mcu.externaltools.gnu-tools-for-stm32.14.3.rel1.win32_1.0.100.202602081740/tools/bin/../lib/gcc/arm-none-eabi/14.3.1/../../../../arm-none-eabi/lib/thumb/v7e-m+dp/hard\libc_nano.a(libc_a-snprintf.o)
 .debug_frame   0x00001c10       0x20 C:/ST/STM32CubeIDE_2.1.1/STM32CubeIDE/plugins/com.st.stm32cube.ide.mcu.externaltools.gnu-tools-for-stm32.14.3.rel1.win32_1.0.100.202602081740/tools/bin/../lib/gcc/arm-none-eabi/14.3.1/../../../../arm-none-eabi/lib/thumb/v7e-m+dp/hard\libc_nano.a(libc_a-memset.o)
 .debug_frame   0x00001c30       0x38 C:/ST/STM32CubeIDE_2.1.1/STM32CubeIDE/plugins/com.st.stm32cube.ide.mcu.externaltools.gnu-tools-for-stm32.14.3.rel1.win32_1.0.100.202602081740/tools/bin/../lib/gcc/arm-none-eabi/14.3.1/../../../../arm-none-eabi/lib/thumb/v7e-m+dp/hard\libc_nano.a(libc_a-reent.o)
 .debug_frame   0x00001c68       0x20 C:/ST/STM32CubeIDE_2.1.1/STM32CubeIDE/plugins/com.st.stm32cube.ide.mcu.externaltools.gnu-tools-for-stm32.14.3.rel1.win32_1.0.100.202602081740/tools/bin/../lib/gcc/arm-none-eabi/14.3.1/../../../../arm-none-eabi/lib/thumb/v7e-m+dp/hard\libc_nano.a(libc_a-errno.o)
 .debug_frame   0x00001c88       0x2c C:/ST/STM32CubeIDE_2.1.1/STM32CubeIDE/plugins/com.st.stm32cube.ide.mcu.externaltools.gnu-tools-for-stm32.14.3.rel1.win32_1.0.100.202602081740/tools/bin/../lib/gcc/arm-none-eabi/14.3.1/../../../../arm-none-eabi/lib/thumb/v7e-m+dp/hard\libc_nano.a(libc_a-init.o)
 .debug_frame   0x00001cb4       0xb0 C:/ST/STM32CubeIDE_2.1.1/STM32CubeIDE/plugins/com.st.stm32cube.ide.mcu.externaltools.gnu-tools-for-stm32.14.3.rel1.win32_1.0.100.202602081740/tools/bin/../lib/gcc/arm-none-eabi/14.3.1/../../../../arm-none-eabi/lib/thumb/v7e-m+dp/hard\libc_nano.a(libc_a-lock.o)
 .debug_frame   0x00001d64       0x20 C:/ST/STM32CubeIDE_2.1.1/STM32CubeIDE/plugins/com.st.stm32cube.ide.mcu.externaltools.gnu-tools-for-stm32.14.3.rel1.win32_1.0.100.202602081740/tools/bin/../lib/gcc/arm-none-eabi/14.3.1/../../../../arm-none-eabi/lib/thumb/v7e-m+dp/hard\libc_nano.a(libc_a-strlen.o)
 .debug_frame   0x00001d84       0x38 C:/ST/STM32CubeIDE_2.1.1/STM32CubeIDE/plugins/com.st.stm32cube.ide.mcu.externaltools.gnu-tools-for-stm32.14.3.rel1.win32_1.0.100.202602081740/tools/bin/../lib/gcc/arm-none-eabi/14.3.1/../../../../arm-none-eabi/lib/thumb/v7e-m+dp/hard\libc_nano.a(libc_a-freer.o)
 .debug_frame   0x00001dbc       0x50 C:/ST/STM32CubeIDE_2.1.1/STM32CubeIDE/plugins/com.st.stm32cube.ide.mcu.externaltools.gnu-tools-for-stm32.14.3.rel1.win32_1.0.100.202602081740/tools/bin/../lib/gcc/arm-none-eabi/14.3.1/../../../../arm-none-eabi/lib/thumb/v7e-m+dp/hard\libc_nano.a(libc_a-mallocr.o)
 .debug_frame   0x00001e0c       0x30 C:/ST/STM32CubeIDE_2.1.1/STM32CubeIDE/plugins/com.st.stm32cube.ide.mcu.externaltools.gnu-tools-for-stm32.14.3.rel1.win32_1.0.100.202602081740/tools/bin/../lib/gcc/arm-none-eabi/14.3.1/../../../../arm-none-eabi/lib/thumb/v7e-m+dp/hard\libc_nano.a(libc_a-mlock.o)
 .debug_frame   0x00001e3c       0x90 C:/ST/STM32CubeIDE_2.1.1/STM32CubeIDE/plugins/com.st.stm32cube.ide.mcu.externaltools.gnu-tools-for-stm32.14.3.rel1.win32_1.0.100.202602081740/tools/bin/../lib/gcc/arm-none-eabi/14.3.1/../../../../arm-none-eabi/lib/thumb/v7e-m+dp/hard\libc_nano.a(libc_a-nano-svfprintf.o)
 .debug_frame   0x00001ecc       0x60 C:/ST/STM32CubeIDE_2.1.1/STM32CubeIDE/plugins/com.st.stm32cube.ide.mcu.externaltools.gnu-tools-for-stm32.14.3.rel1.win32_1.0.100.202602081740/tools/bin/../lib/gcc/arm-none-eabi/14.3.1/../../../../arm-none-eabi/lib/thumb/v7e-m+dp/hard\libc_nano.a(libc_a-nano-vfprintf_i.o)
 .debug_frame   0x00001f2c       0x28 C:/ST/STM32CubeIDE_2.1.1/STM32CubeIDE/plugins/com.st.stm32cube.ide.mcu.externaltools.gnu-tools-for-stm32.14.3.rel1.win32_1.0.100.202602081740/tools/bin/../lib/gcc/arm-none-eabi/14.3.1/../../../../arm-none-eabi/lib/thumb/v7e-m+dp/hard\libc_nano.a(libc_a-memmove.o)
 .debug_frame   0x00001f54       0x2c C:/ST/STM32CubeIDE_2.1.1/STM32CubeIDE/plugins/com.st.stm32cube.ide.mcu.externaltools.gnu-tools-for-stm32.14.3.rel1.win32_1.0.100.202602081740/tools/bin/../lib/gcc/arm-none-eabi/14.3.1/../../../../arm-none-eabi/lib/thumb/v7e-m+dp/hard\libc_nano.a(libc_a-sbrkr.o)
 .debug_frame   0x00001f80       0x4c C:/ST/STM32CubeIDE_2.1.1/STM32CubeIDE/plugins/com.st.stm32cube.ide.mcu.externaltools.gnu-tools-for-stm32.14.3.rel1.win32_1.0.100.202602081740/tools/bin/../lib/gcc/arm-none-eabi/14.3.1/../../../../arm-none-eabi/lib/thumb/v7e-m+dp/hard\libc_nano.a(libc_a-memchr.o)
 .debug_frame   0x00001fcc       0x28 C:/ST/STM32CubeIDE_2.1.1/STM32CubeIDE/plugins/com.st.stm32cube.ide.mcu.externaltools.gnu-tools-for-stm32.14.3.rel1.win32_1.0.100.202602081740/tools/bin/../lib/gcc/arm-none-eabi/14.3.1/../../../../arm-none-eabi/lib/thumb/v7e-m+dp/hard\libc_nano.a(libc_a-memcpy-stub.o)
 .debug_frame   0x00001ff4       0x3c C:/ST/STM32CubeIDE_2.1.1/STM32CubeIDE/plugins/com.st.stm32cube.ide.mcu.externaltools.gnu-tools-for-stm32.14.3.rel1.win32_1.0.100.202602081740/tools/bin/../lib/gcc/arm-none-eabi/14.3.1/../../../../arm-none-eabi/lib/thumb/v7e-m+dp/hard\libc_nano.a(libc_a-reallocr.o)
 .debug_frame   0x00002030       0x20 C:/ST/STM32CubeIDE_2.1.1/STM32CubeIDE/plugins/com.st.stm32cube.ide.mcu.externaltools.gnu-tools-for-stm32.14.3.rel1.win32_1.0.100.202602081740/tools/bin/../lib/gcc/arm-none-eabi/14.3.1/../../../../arm-none-eabi/lib/thumb/v7e-m+dp/hard\libc_nano.a(libc_a-msizer.o)

.debug_line_str
                0x00000000       0x6a
 .debug_line_str
                0x00000000       0x6a ./Core/Startup/startup_stm32h743vitx.o
